<?xml version="1.0" encoding="utf-8"?>
<TestRun id="792bc4e1-5a1b-46fa-9ecd-d3497a1b83a2" name="Dell@DESKTOP-FD4AK8E 2026-07-29 23:40:59" runUser="DESKTOP-FD4AK8E\Dell" xmlns="http://microsoft.com/schemas/VisualStudio/TeamTest/2010">
  <Times creation="2026-07-29T23:40:59.7400450+03:00" queuing="2026-07-29T23:40:59.7400456+03:00" start="2026-07-29T23:40:58.3622228+03:00" finish="2026-07-29T23:41:01.0840407+03:00" />
  <TestSettings name="default" id="abff2a30-ae36-4aa7-9d7f-91f0e453f5a0">
    <Deployment runDeploymentRoot="Dell_DESKTOP-FD4AK8E_2026-07-29_23_40_59" />
  </TestSettings>
  <Results>
    <UnitTestResult executionId="5d7c2fc8-8b72-469b-b0a6-5aac75cf5399" testId="7728bda8-6517-7e07-eb2a-a725646ffeb6" testName="Neftyanik.Portal.Infrastructure.Tests.AdminBootstrapServiceTests.CreateAdministratorAsync_MissingPassword_ThrowsControlledFailure" computerName="DESKTOP-FD4AK8E" duration="00:00:00.6988117" startTime="2026-07-29T23:40:59.7135241+03:00" endTime="2026-07-29T23:40:59.7135242+03:00" testType="13cdc9d9-ddb5-4fa4-a97d-d965ccfc6d4b" outcome="Passed" testListId="8c84fa94-04c1-424b-9868-57a2d4851a1d" relativeResultsDirectory="5d7c2fc8-8b72-469b-b0a6-5aac75cf5399" />
    <UnitTestResult executionId="315e2e0a-2862-478a-b23a-75620b6c2fb7" testId="69035321-a20b-e567-fa59-5b924b26af3e" testName="Neftyanik.Portal.Infrastructure.Tests.ElectricityModelTests.AssociationElectricityReading_Properties_HaveExpectedPrecision" computerName="DESKTOP-FD4AK8E" duration="00:00:00.0006722" startTime="2026-07-29T23:40:59.7121292+03:00" endTime="2026-07-29T23:40:59.7121292+03:00" testType="13cdc9d9-ddb5-4fa4-a97d-d965ccfc6d4b" outcome="Passed" testListId="8c84fa94-04c1-424b-9868-57a2d4851a1d" relativeResultsDirectory="315e2e0a-2862-478a-b23a-75620b6c2fb7" />
    <UnitTestResult executionId="562c38d9-dee6-4b82-8d86-6b4970077eb5" testId="b572af71-5cc0-7660-8412-26ed66972175" testName="Neftyanik.Portal.Infrastructure.Tests.Data.Queries.MemberOwnershipQueriesTests.WhereCurrentForMember_WhenOwnershipBeginsToday_ReturnsOwnership" computerName="DESKTOP-FD4AK8E" duration="00:00:00.0369895" startTime="2026-07-29T23:40:59.7532333+03:00" endTime="2026-07-29T23:40:59.7532336+03:00" testType="13cdc9d9-ddb5-4fa4-a97d-d965ccfc6d4b" outcome="Passed" testListId="8c84fa94-04c1-424b-9868-57a2d4851a1d" relativeResultsDirectory="562c38d9-dee6-4b82-8d86-6b4970077eb5" />
    <UnitTestResult executionId="120ea9c2-072c-4d38-b6a0-aa50fa4613e1" testId="eb9633b9-8f66-f392-5f2f-ae615e937844" testName="Neftyanik.Portal.Infrastructure.Tests.Data.Queries.MemberOwnershipQueriesTests.WhereCurrentForMember_WhenOwnershipBeginsTomorrow_DoesNotReturnOwnership" computerName="DESKTOP-FD4AK8E" duration="00:00:00.0016725" startTime="2026-07-29T23:40:59.7550623+03:00" endTime="2026-07-29T23:40:59.7550626+03:00" testType="13cdc9d9-ddb5-4fa4-a97d-d965ccfc6d4b" outcome="Passed" testListId="8c84fa94-04c1-424b-9868-57a2d4851a1d" relativeResultsDirectory="120ea9c2-072c-4d38-b6a0-aa50fa4613e1" />
    <UnitTestResult executionId="9e02ac71-9bbc-44c4-a971-9273f435fe4a" testId="2b04ce54-60e7-7698-a2f4-51242135f3a0" testName="Neftyanik.Portal.Infrastructure.Tests.AdminBootstrapServiceTests.CreateAdministratorAsync_InvalidPassword_ThrowsControlledFailure" computerName="DESKTOP-FD4AK8E" duration="00:00:00.0038850" startTime="2026-07-29T23:40:59.9241265+03:00" endTime="2026-07-29T23:40:59.9241268+03:00" testType="13cdc9d9-ddb5-4fa4-a97d-d965ccfc6d4b" outcome="Passed" testListId="8c84fa94-04c1-424b-9868-57a2d4851a1d" relativeResultsDirectory="9e02ac71-9bbc-44c4-a971-9273f435fe4a" />
    <UnitTestResult executionId="a1fa3bc3-f9a8-494b-bb0f-8a7bad249af6" testId="adcb872c-ec4b-1095-528d-d36e00dc2b91" testName="Neftyanik.Portal.Infrastructure.Tests.AdminBootstrapServiceTests.CreateAdministratorAsync_ValidRequest_CreatesOneAdministrator" computerName="DESKTOP-FD4AK8E" duration="00:00:00.0469590" startTime="2026-07-29T23:41:00.0373347+03:00" endTime="2026-07-29T23:41:00.0373348+03:00" testType="13cdc9d9-ddb5-4fa4-a97d-d965ccfc6d4b" outcome="Passed" testListId="8c84fa94-04c1-424b-9868-57a2d4851a1d" relativeResultsDirectory="a1fa3bc3-f9a8-494b-bb0f-8a7bad249af6" />
    <UnitTestResult executionId="a220e0c4-92c0-41b0-9edd-e24b6ddc2ca6" testId="78b0dce8-db7c-6a3a-d19f-54b83838ca83" testName="Neftyanik.Portal.Infrastructure.Tests.LegacyElectricityImportTests.NormalizeWhitespace_TrimsAndCollapsesSpaces" computerName="DESKTOP-FD4AK8E" duration="00:00:00.0001241" startTime="2026-07-29T23:41:00.9063477+03:00" endTime="2026-07-29T23:41:00.9063478+03:00" testType="13cdc9d9-ddb5-4fa4-a97d-d965ccfc6d4b" outcome="Passed" testListId="8c84fa94-04c1-424b-9868-57a2d4851a1d" relativeResultsDirectory="a220e0c4-92c0-41b0-9edd-e24b6ddc2ca6" />
    <UnitTestResult executionId="f7d7413f-4505-4039-a0c9-9cf0d91a5c55" testId="ab4ddbb0-d278-81a3-8f04-c985931752ae" testName="Neftyanik.Portal.Infrastructure.Tests.ApplicationDbContextModelTests.Plot_HasUniqueIndex_OnNumber" computerName="DESKTOP-FD4AK8E" duration="00:00:00.0373927" startTime="2026-07-29T23:40:59.6893161+03:00" endTime="2026-07-29T23:40:59.6893162+03:00" testType="13cdc9d9-ddb5-4fa4-a97d-d965ccfc6d4b" outcome="Passed" testListId="8c84fa94-04c1-424b-9868-57a2d4851a1d" relativeResultsDirectory="f7d7413f-4505-4039-a0c9-9cf0d91a5c55" />
    <UnitTestResult executionId="e43a13c0-7c3f-49ba-8467-2cd7e7536b2e" testId="c38d56a1-b25e-1d06-d07f-e166d5e6e24d" testName="Neftyanik.Portal.Infrastructure.Tests.LegacyElectricityImportTests.ImportService_RollsBackOnCriticalFailure" computerName="DESKTOP-FD4AK8E" duration="00:00:00.0522588" startTime="2026-07-29T23:41:00.9589728+03:00" endTime="2026-07-29T23:41:00.9589729+03:00" testType="13cdc9d9-ddb5-4fa4-a97d-d965ccfc6d4b" outcome="Passed" testListId="8c84fa94-04c1-424b-9868-57a2d4851a1d" relativeResultsDirectory="e43a13c0-7c3f-49ba-8467-2cd7e7536b2e" />
    <UnitTestResult executionId="ce069b18-c6f4-4a96-bcbf-37b194895151" testId="c6924973-9a7f-026f-3cfe-53201c34c646" testName="Neftyanik.Portal.Infrastructure.Tests.LegacyElectricityImportTests.ImportService_IsIdempotentOnSecondCommit" computerName="DESKTOP-FD4AK8E" duration="00:00:00.1524287" startTime="2026-07-29T23:41:00.7613458+03:00" endTime="2026-07-29T23:41:00.7613460+03:00" testType="13cdc9d9-ddb5-4fa4-a97d-d965ccfc6d4b" outcome="Passed" testListId="8c84fa94-04c1-424b-9868-57a2d4851a1d" relativeResultsDirectory="ce069b18-c6f4-4a96-bcbf-37b194895151" />
    <UnitTestResult executionId="bee8da47-aa94-4898-9764-1a0e031443af" testId="71633de2-948d-8770-73a4-81ad9c31a0d0" testName="Neftyanik.Portal.Infrastructure.Tests.ApplicationDbContextModelTests.Charge_Amount_HasMoneyPrecision" computerName="DESKTOP-FD4AK8E" duration="00:00:00.6370261" startTime="2026-07-29T23:40:59.6518778+03:00" endTime="2026-07-29T23:40:59.6518779+03:00" testType="13cdc9d9-ddb5-4fa4-a97d-d965ccfc6d4b" outcome="Passed" testListId="8c84fa94-04c1-424b-9868-57a2d4851a1d" relativeResultsDirectory="bee8da47-aa94-4898-9764-1a0e031443af" />
    <UnitTestResult executionId="d5165a63-e04b-44e2-acc0-e83fe77b81cc" testId="499b14bb-f5f6-0689-4b3d-46a04d00d534" testName="Neftyanik.Portal.Infrastructure.Tests.ApplicationDbContextModelTests.MembershipFeeRate_HasUniqueIndex_OnYear" computerName="DESKTOP-FD4AK8E" duration="00:00:00.0005649" startTime="2026-07-29T23:40:59.7122249+03:00" endTime="2026-07-29T23:40:59.7122249+03:00" testType="13cdc9d9-ddb5-4fa4-a97d-d965ccfc6d4b" outcome="Passed" testListId="8c84fa94-04c1-424b-9868-57a2d4851a1d" relativeResultsDirectory="d5165a63-e04b-44e2-acc0-e83fe77b81cc" />
    <UnitTestResult executionId="6a477746-9eee-4052-9bc8-092175e29443" testId="4612d23e-4ea0-c87f-5801-1a54898be1c6" testName="Neftyanik.Portal.Infrastructure.Tests.AdminBootstrapServiceTests.CreateAdministratorAsync_AdministratorAlreadyExists_ReturnsSuccessWithoutDuplicates" computerName="DESKTOP-FD4AK8E" duration="00:00:00.0543523" startTime="2026-07-29T23:41:00.0991018+03:00" endTime="2026-07-29T23:41:00.0991019+03:00" testType="13cdc9d9-ddb5-4fa4-a97d-d965ccfc6d4b" outcome="Passed" testListId="8c84fa94-04c1-424b-9868-57a2d4851a1d" relativeResultsDirectory="6a477746-9eee-4052-9bc8-092175e29443" />
    <UnitTestResult executionId="eeac53b1-9a54-48bf-a665-c38c4d2643ca" testId="6de892c4-29cc-6be2-f16f-b5b8e67388bc" testName="Neftyanik.Portal.Infrastructure.Tests.ElectricityModelTests.AssociationElectricityReading_HasUniqueIndex_OnReadingDate" computerName="DESKTOP-FD4AK8E" duration="00:00:00.0380827" startTime="2026-07-29T23:40:59.6892553+03:00" endTime="2026-07-29T23:40:59.6892560+03:00" testType="13cdc9d9-ddb5-4fa4-a97d-d965ccfc6d4b" outcome="Passed" testListId="8c84fa94-04c1-424b-9868-57a2d4851a1d" relativeResultsDirectory="eeac53b1-9a54-48bf-a665-c38c4d2643ca" />
    <UnitTestResult executionId="fcc4d603-9880-46e6-8623-5daf302b8ee0" testId="16e1baff-6db6-a10c-93c8-ddf0b7bb6542" testName="Neftyanik.Portal.Infrastructure.Tests.AdminBootstrapServiceTests.CreateAdministratorAsync_DoesNotWritePasswordToLogs" computerName="DESKTOP-FD4AK8E" duration="00:00:00.0461067" startTime="2026-07-29T23:41:00.1453523+03:00" endTime="2026-07-29T23:41:00.1453524+03:00" testType="13cdc9d9-ddb5-4fa4-a97d-d965ccfc6d4b" outcome="Passed" testListId="8c84fa94-04c1-424b-9868-57a2d4851a1d" relativeResultsDirectory="fcc4d603-9880-46e6-8623-5daf302b8ee0" />
    <UnitTestResult executionId="78e3b98e-69e7-4a4b-af94-96d8796fc668" testId="d4a7ad16-30fb-4364-1294-ef8ee5826b11" testName="Neftyanik.Portal.Infrastructure.Tests.AdminBootstrapServiceTests.CreateAdministratorAsync_MissingEmail_ThrowsControlledFailure" computerName="DESKTOP-FD4AK8E" duration="00:00:00.0018259" startTime="2026-07-29T23:40:59.9260031+03:00" endTime="2026-07-29T23:40:59.9260033+03:00" testType="13cdc9d9-ddb5-4fa4-a97d-d965ccfc6d4b" outcome="Passed" testListId="8c84fa94-04c1-424b-9868-57a2d4851a1d" relativeResultsDirectory="78e3b98e-69e7-4a4b-af94-96d8796fc668" />
    <UnitTestResult executionId="7182c33a-d8c0-4bd9-a652-79aaa4ddf2f6" testId="6bb6599a-4e9e-dab5-a372-75b554f458cb" testName="Neftyanik.Portal.Infrastructure.Tests.AdminBootstrapServiceTests.CreateAdministratorAsync_InvalidEmail_ThrowsControlledFailure" computerName="DESKTOP-FD4AK8E" duration="00:00:00.0040846" startTime="2026-07-29T23:40:59.9201208+03:00" endTime="2026-07-29T23:40:59.9201210+03:00" testType="13cdc9d9-ddb5-4fa4-a97d-d965ccfc6d4b" outcome="Passed" testListId="8c84fa94-04c1-424b-9868-57a2d4851a1d" relativeResultsDirectory="7182c33a-d8c0-4bd9-a652-79aaa4ddf2f6" />
    <UnitTestResult executionId="c42109f0-1240-4a57-bfc0-a1e209c104c7" testId="e91ab9a6-9eb5-fb13-fa1f-2997819602da" testName="Neftyanik.Portal.Infrastructure.Tests.ApplicationDbContextModelTests.KeyFinancialRelationships_UseRestrictiveDeleteBehavior" computerName="DESKTOP-FD4AK8E" duration="00:00:00.0010366" startTime="2026-07-29T23:40:59.7120708+03:00" endTime="2026-07-29T23:40:59.7120708+03:00" testType="13cdc9d9-ddb5-4fa4-a97d-d965ccfc6d4b" outcome="Passed" testListId="8c84fa94-04c1-424b-9868-57a2d4851a1d" relativeResultsDirectory="c42109f0-1240-4a57-bfc0-a1e209c104c7" />
    <UnitTestResult executionId="b2fc40b7-63b7-4931-a215-3b63f5096088" testId="f762e071-eed9-3fae-dbaf-e82a4a1add7f" testName="Neftyanik.Portal.Infrastructure.Tests.Data.Queries.MemberOwnershipQueriesTests.WhereCurrentForMember_WhenOwnershipEndedYesterday_DoesNotReturnOwnership" computerName="DESKTOP-FD4AK8E" duration="00:00:00.0014981" startTime="2026-07-29T23:40:59.7566678+03:00" endTime="2026-07-29T23:40:59.7566680+03:00" testType="13cdc9d9-ddb5-4fa4-a97d-d965ccfc6d4b" outcome="Passed" testListId="8c84fa94-04c1-424b-9868-57a2d4851a1d" relativeResultsDirectory="b2fc40b7-63b7-4931-a215-3b63f5096088" />
    <UnitTestResult executionId="eec2af86-4c78-4f3d-b7c0-a4341769cef2" testId="e2920784-d1ef-e7d1-7da8-cae6ef7443aa" testName="Neftyanik.Portal.Infrastructure.Tests.LegacyElectricityImportTests.Validator_CombinesT1AndT2Values" computerName="DESKTOP-FD4AK8E" duration="00:00:00.0239147" startTime="2026-07-29T23:41:00.7935917+03:00" endTime="2026-07-29T23:41:00.7935920+03:00" testType="13cdc9d9-ddb5-4fa4-a97d-d965ccfc6d4b" outcome="Failed" testListId="8c84fa94-04c1-424b-9868-57a2d4851a1d" relativeResultsDirectory="eec2af86-4c78-4f3d-b7c0-a4341769cef2">
      <Output>
        <ErrorInfo>
          <Message>Assert.Equal() Failure: Values differ&#xD;
Expected: 36327&#xD;
Actual:   3</Message>
          <StackTrace>   at Neftyanik.Portal.Infrastructure.Tests.LegacyElectricityImportTests.Validator_CombinesT1AndT2Values() in C:\Users\Dell\source\repos\Neftyanik\tests\Neftyanik.Portal.Infrastructure.Tests\LegacyElectricityImportTests.cs:line 99&#xD;
--- End of stack trace from previous location ---</StackTrace>
        </ErrorInfo>
      </Output>
    </UnitTestResult>
    <UnitTestResult executionId="47fdc4e2-d24e-43e0-9906-3d4604c6d077" testId="a88ba4e4-602a-ef64-d8df-f75a44317cb3" testName="Neftyanik.Portal.Infrastructure.Tests.ApplicationDbContextModelTests.Plot_HasOptionalMemberElectricityMeterRelationship" computerName="DESKTOP-FD4AK8E" duration="00:00:00.0005182" startTime="2026-07-29T23:40:59.7122478+03:00" endTime="2026-07-29T23:40:59.7122479+03:00" testType="13cdc9d9-ddb5-4fa4-a97d-d965ccfc6d4b" outcome="Passed" testListId="8c84fa94-04c1-424b-9868-57a2d4851a1d" relativeResultsDirectory="47fdc4e2-d24e-43e0-9906-3d4604c6d077" />
    <UnitTestResult executionId="f2788875-500b-414b-9287-babd63e8e208" testId="3058a3fb-1f58-35fd-1d5f-7b0c19620389" testName="Neftyanik.Portal.Infrastructure.Tests.ElectricityModelTests.CurrentElectricityRelationships_UseRestrictiveDeleteBehavior" computerName="DESKTOP-FD4AK8E" duration="00:00:00.0024608" startTime="2026-07-29T23:40:59.7119906+03:00" endTime="2026-07-29T23:40:59.7119907+03:00" testType="13cdc9d9-ddb5-4fa4-a97d-d965ccfc6d4b" outcome="Passed" testListId="8c84fa94-04c1-424b-9868-57a2d4851a1d" relativeResultsDirectory="f2788875-500b-414b-9287-babd63e8e208" />
    <UnitTestResult executionId="7c0bb7f9-923a-4f39-9937-9c8fada420c7" testId="f5afb05a-c85d-4a9a-1529-1450f24ba1cd" testName="Neftyanik.Portal.Infrastructure.Tests.LegacyElectricityImportTests.ImportService_DetectsDuplicateReadingConflict" computerName="DESKTOP-FD4AK8E" duration="00:00:00.7198455" startTime="2026-07-29T23:41:00.6083877+03:00" endTime="2026-07-29T23:41:00.6083881+03:00" testType="13cdc9d9-ddb5-4fa4-a97d-d965ccfc6d4b" outcome="Passed" testListId="8c84fa94-04c1-424b-9868-57a2d4851a1d" relativeResultsDirectory="7c0bb7f9-923a-4f39-9937-9c8fada420c7" />
    <UnitTestResult executionId="93f4f4c5-3326-4bcf-bcb5-1a24606d2051" testId="f9a030cd-2fb8-2983-18ac-6a16855442c5" testName="Neftyanik.Portal.Infrastructure.Tests.LegacyElectricityImportTests.Validator_ParsesExplicitReadingDate" computerName="DESKTOP-FD4AK8E" duration="00:00:00.7893192" startTime="2026-07-29T23:40:59.8283595+03:00" endTime="2026-07-29T23:40:59.8283601+03:00" testType="13cdc9d9-ddb5-4fa4-a97d-d965ccfc6d4b" outcome="Passed" testListId="8c84fa94-04c1-424b-9868-57a2d4851a1d" relativeResultsDirectory="93f4f4c5-3326-4bcf-bcb5-1a24606d2051" />
    <UnitTestResult executionId="cb2a8d00-d1f2-4ae0-9201-803e5f437c27" testId="30a92c22-b924-fba7-0bdf-92226d645c91" testName="Neftyanik.Portal.Infrastructure.Tests.ApplicationDbContextModelTests.LegacyElectricityTables_AreNotIncludedInModel" computerName="DESKTOP-FD4AK8E" duration="00:00:00.0010289" startTime="2026-07-29T23:40:59.7121418+03:00" endTime="2026-07-29T23:40:59.7121418+03:00" testType="13cdc9d9-ddb5-4fa4-a97d-d965ccfc6d4b" outcome="Passed" testListId="8c84fa94-04c1-424b-9868-57a2d4851a1d" relativeResultsDirectory="cb2a8d00-d1f2-4ae0-9201-803e5f437c27" />
    <UnitTestResult executionId="129cf781-f1df-4cc4-bf31-c0da41f937f0" testId="eac80e7e-7327-51b3-24f1-e2f9ccd8fce4" testName="Neftyanik.Portal.Infrastructure.Tests.ApplicationDbContextModelTests.PaymentAllocation_Relationships_UseRestrictiveDeleteBehavior" computerName="DESKTOP-FD4AK8E" duration="00:00:00.0023725" startTime="2026-07-29T23:40:59.7118926+03:00" endTime="2026-07-29T23:40:59.7118926+03:00" testType="13cdc9d9-ddb5-4fa4-a97d-d965ccfc6d4b" outcome="Passed" testListId="8c84fa94-04c1-424b-9868-57a2d4851a1d" relativeResultsDirectory="129cf781-f1df-4cc4-bf31-c0da41f937f0" />
    <UnitTestResult executionId="fe28baa6-cc3c-4456-97f3-3601a5da151c" testId="c4d8613c-be0d-be61-2c74-7508abf07495" testName="Neftyanik.Portal.Infrastructure.Tests.LegacyElectricityImportTests.WorkbookReader_DoesNotInferPlotsFromFloatingPointFormatting" computerName="DESKTOP-FD4AK8E" duration="00:00:00.0253173" startTime="2026-07-29T23:41:00.9061625+03:00" endTime="2026-07-29T23:41:00.9061629+03:00" testType="13cdc9d9-ddb5-4fa4-a97d-d965ccfc6d4b" outcome="Passed" testListId="8c84fa94-04c1-424b-9868-57a2d4851a1d" relativeResultsDirectory="fe28baa6-cc3c-4456-97f3-3601a5da151c" />
    <UnitTestResult executionId="2bedd304-5dd3-48ed-8d92-f5603f85a803" testId="fe2b5a35-d9af-5351-c4f1-d3de5054b5d8" testName="Neftyanik.Portal.Infrastructure.Tests.Data.Queries.PlotFinanceQueriesTests.SelectFinanceSummary_ExcludesCancelledChargesAndPaymentsFromBalance" computerName="DESKTOP-FD4AK8E" duration="00:00:00.1003664" startTime="2026-07-29T23:40:59.8305367+03:00" endTime="2026-07-29T23:40:59.8305368+03:00" testType="13cdc9d9-ddb5-4fa4-a97d-d965ccfc6d4b" outcome="Passed" testListId="8c84fa94-04c1-424b-9868-57a2d4851a1d" relativeResultsDirectory="2bedd304-5dd3-48ed-8d92-f5603f85a803" />
    <UnitTestResult executionId="3c71b8d6-648c-4ff7-8e9a-bc5febaa4def" testId="0054b6fe-da36-442a-307d-a3717d030a23" testName="Neftyanik.Portal.Infrastructure.Tests.ApplicationDbContextModelTests.MemberElectricityReading_HasUniqueCompositeIndex_OnMeterIdAndReadingDate" computerName="DESKTOP-FD4AK8E" duration="00:00:00.0008197" startTime="2026-07-29T23:40:59.7121958+03:00" endTime="2026-07-29T23:40:59.7121958+03:00" testType="13cdc9d9-ddb5-4fa4-a97d-d965ccfc6d4b" outcome="Passed" testListId="8c84fa94-04c1-424b-9868-57a2d4851a1d" relativeResultsDirectory="3c71b8d6-648c-4ff7-8e9a-bc5febaa4def" />
    <UnitTestResult executionId="707867f4-741f-4562-9b3e-948cd614765f" testId="ac4ae71f-405d-5bae-8da6-ce397c270065" testName="Neftyanik.Portal.Infrastructure.Tests.AdminBootstrapServiceTests.CreateAdministratorAsync_ExistingNonAdminUser_WithExplicitOption_AssignsAdministratorRole" computerName="DESKTOP-FD4AK8E" duration="00:00:00.2022998" startTime="2026-07-29T23:40:59.9159771+03:00" endTime="2026-07-29T23:40:59.9159773+03:00" testType="13cdc9d9-ddb5-4fa4-a97d-d965ccfc6d4b" outcome="Passed" testListId="8c84fa94-04c1-424b-9868-57a2d4851a1d" relativeResultsDirectory="707867f4-741f-4562-9b3e-948cd614765f" />
    <UnitTestResult executionId="86ffc903-1c9c-425a-a070-ee0d7eaeab93" testId="e4e73283-e3f9-4116-cb67-c28fbebb80b6" testName="Neftyanik.Portal.Infrastructure.Tests.AdminBootstrapServiceTests.CreateAdministratorAsync_ExistingNonAdminUser_ThrowsControlledFailure" computerName="DESKTOP-FD4AK8E" duration="00:00:00.0641346" startTime="2026-07-29T23:40:59.9903154+03:00" endTime="2026-07-29T23:40:59.9903155+03:00" testType="13cdc9d9-ddb5-4fa4-a97d-d965ccfc6d4b" outcome="Passed" testListId="8c84fa94-04c1-424b-9868-57a2d4851a1d" relativeResultsDirectory="86ffc903-1c9c-425a-a070-ee0d7eaeab93" />
    <UnitTestResult executionId="913d4384-b6b0-43dd-a7e1-4a16d400b0c9" testId="a3bda3f4-336d-a499-b348-3b6a11178a4c" testName="Neftyanik.Portal.Infrastructure.Tests.Data.Queries.PlotFinanceQueriesTests.SelectFinanceSummary_ReturnsZeroTotalsForPlotWithoutTransactions" computerName="DESKTOP-FD4AK8E" duration="00:00:00.0082771" startTime="2026-07-29T23:40:59.8389204+03:00" endTime="2026-07-29T23:40:59.8389208+03:00" testType="13cdc9d9-ddb5-4fa4-a97d-d965ccfc6d4b" outcome="Passed" testListId="8c84fa94-04c1-424b-9868-57a2d4851a1d" relativeResultsDirectory="913d4384-b6b0-43dd-a7e1-4a16d400b0c9" />
    <UnitTestResult executionId="12bf850c-8072-4bf1-bfb5-4323e133d8c3" testId="eb0ba00b-d69e-f316-12b6-91f8e94fe2ff" testName="Neftyanik.Portal.Infrastructure.Tests.Data.Queries.PlotFinanceQueriesTests.WhereCurrentForUser_ReturnsOnlyCurrentOwnershipsForLinkedUser" computerName="DESKTOP-FD4AK8E" duration="00:00:00.7153995" startTime="2026-07-29T23:40:59.7301541+03:00" endTime="2026-07-29T23:40:59.7301543+03:00" testType="13cdc9d9-ddb5-4fa4-a97d-d965ccfc6d4b" outcome="Passed" testListId="8c84fa94-04c1-424b-9868-57a2d4851a1d" relativeResultsDirectory="12bf850c-8072-4bf1-bfb5-4323e133d8c3" />
    <UnitTestResult executionId="a22e5c84-a251-4d4f-a552-1f79876d96e7" testId="6504f610-c565-48c6-f12b-43d4ad016868" testName="Neftyanik.Portal.Infrastructure.Tests.Data.Queries.MemberOwnershipQueriesTests.WhereCurrentForMember_WhenOwnershipEndsToday_ReturnsOwnership" computerName="DESKTOP-FD4AK8E" duration="00:00:00.0009849" startTime="2026-07-29T23:40:59.7600636+03:00" endTime="2026-07-29T23:40:59.7600637+03:00" testType="13cdc9d9-ddb5-4fa4-a97d-d965ccfc6d4b" outcome="Passed" testListId="8c84fa94-04c1-424b-9868-57a2d4851a1d" relativeResultsDirectory="a22e5c84-a251-4d4f-a552-1f79876d96e7" />
    <UnitTestResult executionId="c7d90110-e98b-4fe7-afb9-7902f84a782e" testId="5e7e9cc3-e1b4-97fb-5b1d-78bb0e38675d" testName="Neftyanik.Portal.Infrastructure.Tests.LegacyElectricityImportTests.ParsePlotNumbers_SplitsCompoundPlotIdentifier" computerName="DESKTOP-FD4AK8E" duration="00:00:00.0002641" startTime="2026-07-29T23:40:59.8296921+03:00" endTime="2026-07-29T23:40:59.8296923+03:00" testType="13cdc9d9-ddb5-4fa4-a97d-d965ccfc6d4b" outcome="Passed" testListId="8c84fa94-04c1-424b-9868-57a2d4851a1d" relativeResultsDirectory="c7d90110-e98b-4fe7-afb9-7902f84a782e" />
    <UnitTestResult executionId="e3d980b1-ce18-496d-87a9-d0152330d5c0" testId="f1341788-b41c-c6c3-29cf-cf13468cee0e" testName="Neftyanik.Portal.Infrastructure.Tests.Data.Queries.MemberOwnershipQueriesTests.WhereCurrentForMember_WhenOwnershipHasNoEndDateAndPastStart_ReturnsOwnership" computerName="DESKTOP-FD4AK8E" duration="00:00:00.0009254" startTime="2026-07-29T23:40:59.7590069+03:00" endTime="2026-07-29T23:40:59.7590070+03:00" testType="13cdc9d9-ddb5-4fa4-a97d-d965ccfc6d4b" outcome="Passed" testListId="8c84fa94-04c1-424b-9868-57a2d4851a1d" relativeResultsDirectory="e3d980b1-ce18-496d-87a9-d0152330d5c0" />
    <UnitTestResult executionId="f562eacc-cf38-4204-b39e-e796e0f5f45f" testId="461b45ce-54f8-fd5d-a928-e91651b47c8f" testName="Neftyanik.Portal.Infrastructure.Tests.LegacyElectricityImportTests.ParsePlotNumbers_PreservesSinglePlotNumber" computerName="DESKTOP-FD4AK8E" duration="00:00:00.0195699" startTime="2026-07-29T23:40:59.0368437+03:00" endTime="2026-07-29T23:40:59.0368559+03:00" testType="13cdc9d9-ddb5-4fa4-a97d-d965ccfc6d4b" outcome="Passed" testListId="8c84fa94-04c1-424b-9868-57a2d4851a1d" relativeResultsDirectory="f562eacc-cf38-4204-b39e-e796e0f5f45f" />
    <UnitTestResult executionId="664fbc64-ca98-4707-bff7-712b0b96d3e0" testId="c3196861-ebb3-7956-c1d7-28b8e91836dc" testName="Neftyanik.Portal.Infrastructure.Tests.ApplicationDbContextModelTests.MemberElectricityReading_Values_HaveExpectedPrecision" computerName="DESKTOP-FD4AK8E" duration="00:00:00.0005356" startTime="2026-07-29T23:40:59.7132346+03:00" endTime="2026-07-29T23:40:59.7132346+03:00" testType="13cdc9d9-ddb5-4fa4-a97d-d965ccfc6d4b" outcome="Passed" testListId="8c84fa94-04c1-424b-9868-57a2d4851a1d" relativeResultsDirectory="664fbc64-ca98-4707-bff7-712b0b96d3e0" />
    <UnitTestResult executionId="8c0812d1-4daf-44e5-9acc-6b7fd0bc9c89" testId="d168dcd0-85f9-2460-bea9-a5acfde8c6e8" testName="Neftyanik.Portal.Infrastructure.Tests.LegacyElectricityImportTests.Validator_RecognizesContinuationRowAsSecondMeter" computerName="DESKTOP-FD4AK8E" duration="00:00:00.0233452" startTime="2026-07-29T23:40:59.8881515+03:00" endTime="2026-07-29T23:40:59.8881520+03:00" testType="13cdc9d9-ddb5-4fa4-a97d-d965ccfc6d4b" outcome="Passed" testListId="8c84fa94-04c1-424b-9868-57a2d4851a1d" relativeResultsDirectory="8c0812d1-4daf-44e5-9acc-6b7fd0bc9c89" />
    <UnitTestResult executionId="1c772b81-81d5-4c59-b873-4f67bd29e47d" testId="a358460b-bf56-6c29-c04f-b59c6750b1a5" testName="Neftyanik.Portal.Infrastructure.Tests.Data.Queries.MemberOwnershipQueriesTests.WhereCurrentForMember_DoesNotReturnAnotherMembersOwnership" computerName="DESKTOP-FD4AK8E" duration="00:00:00.0012661" startTime="2026-07-29T23:40:59.7580408+03:00" endTime="2026-07-29T23:40:59.7580410+03:00" testType="13cdc9d9-ddb5-4fa4-a97d-d965ccfc6d4b" outcome="Passed" testListId="8c84fa94-04c1-424b-9868-57a2d4851a1d" relativeResultsDirectory="1c772b81-81d5-4c59-b873-4f67bd29e47d" />
    <UnitTestResult executionId="84f23e0a-898c-490e-99b2-9645814f9d76" testId="c130a91b-c30f-5a20-1c60-cd63790ab13a" testName="Neftyanik.Portal.Infrastructure.Tests.ElectricityModelTests.CurrentElectricityTariffs_HaveExpectedPrecision" computerName="DESKTOP-FD4AK8E" duration="00:00:00.0010321" startTime="2026-07-29T23:40:59.7121006+03:00" endTime="2026-07-29T23:40:59.7121006+03:00" testType="13cdc9d9-ddb5-4fa4-a97d-d965ccfc6d4b" outcome="Passed" testListId="8c84fa94-04c1-424b-9868-57a2d4851a1d" relativeResultsDirectory="84f23e0a-898c-490e-99b2-9645814f9d76" />
    <UnitTestResult executionId="c52dcf05-db17-453c-98c3-14b0d54085ce" testId="21b6d276-b217-db49-9195-952815de2746" testName="Neftyanik.Portal.Infrastructure.Tests.ElectricityModelTests.AssociationElectricityTariff_HasUniqueIndex_OnEffectiveFrom" computerName="DESKTOP-FD4AK8E" duration="00:00:00.6362694" startTime="2026-07-29T23:40:59.6513922+03:00" endTime="2026-07-29T23:40:59.6513925+03:00" testType="13cdc9d9-ddb5-4fa4-a97d-d965ccfc6d4b" outcome="Passed" testListId="8c84fa94-04c1-424b-9868-57a2d4851a1d" relativeResultsDirectory="c52dcf05-db17-453c-98c3-14b0d54085ce" />
    <UnitTestResult executionId="72547e35-6813-4cd7-9ac7-b7fcdef2197f" testId="68f5b7fd-1b2f-ab6c-05d4-2ad846055e35" testName="Neftyanik.Portal.Infrastructure.Tests.LegacyElectricityImportTests.Validator_ReportsDisconnectedRowWithoutCreatingReading" computerName="DESKTOP-FD4AK8E" duration="00:00:00.0341992" startTime="2026-07-29T23:40:59.8643029+03:00" endTime="2026-07-29T23:40:59.8643035+03:00" testType="13cdc9d9-ddb5-4fa4-a97d-d965ccfc6d4b" outcome="Passed" testListId="8c84fa94-04c1-424b-9868-57a2d4851a1d" relativeResultsDirectory="72547e35-6813-4cd7-9ac7-b7fcdef2197f" />
    <UnitTestResult executionId="1e0860a3-792a-4ba3-ab4e-1842f1703299" testId="8ea8ed5f-4491-ced9-a235-7bd6c4934a96" testName="Neftyanik.Portal.Infrastructure.Tests.LegacyElectricityImportTests.ImportService_DryRunDoesNotChangeDatabase" computerName="DESKTOP-FD4AK8E" duration="00:00:00.0485614" startTime="2026-07-29T23:41:01.0078786+03:00" endTime="2026-07-29T23:41:01.0078788+03:00" testType="13cdc9d9-ddb5-4fa4-a97d-d965ccfc6d4b" outcome="Passed" testListId="8c84fa94-04c1-424b-9868-57a2d4851a1d" relativeResultsDirectory="1e0860a3-792a-4ba3-ab4e-1842f1703299" />
    <UnitTestResult executionId="927bdb4e-db8d-4c5b-a1d0-688463e6d1e6" testId="2971806a-00fc-760b-3b28-5b7b0a85f92a" testName="Neftyanik.Portal.Infrastructure.Tests.Data.Queries.MemberOwnershipQueriesTests.WhereCurrentForMember_WhenValidFromIsNull_TreatsOwnershipAsCurrent" computerName="DESKTOP-FD4AK8E" duration="00:00:00.7014745" startTime="2026-07-29T23:40:59.7161548+03:00" endTime="2026-07-29T23:40:59.7161550+03:00" testType="13cdc9d9-ddb5-4fa4-a97d-d965ccfc6d4b" outcome="Passed" testListId="8c84fa94-04c1-424b-9868-57a2d4851a1d" relativeResultsDirectory="927bdb4e-db8d-4c5b-a1d0-688463e6d1e6" />
    <UnitTestResult executionId="8ac88580-1f7e-4953-9dd2-e3645dbf462c" testId="d6ef94d9-14f2-601b-b859-1e20ab8ed490" testName="Neftyanik.Portal.Infrastructure.Tests.ApplicationDbContextModelTests.SystemSetting_HasUniqueIndex_OnKey" computerName="DESKTOP-FD4AK8E" duration="00:00:00.0005475" startTime="2026-07-29T23:40:59.7132055+03:00" endTime="2026-07-29T23:40:59.7132056+03:00" testType="13cdc9d9-ddb5-4fa4-a97d-d965ccfc6d4b" outcome="Passed" testListId="8c84fa94-04c1-424b-9868-57a2d4851a1d" relativeResultsDirectory="8ac88580-1f7e-4953-9dd2-e3645dbf462c" />
    <UnitTestResult executionId="d2c9bcf4-1773-42ec-81db-626691afca53" testId="9d9192a3-52fb-ba78-ec4e-6ab29280939d" testName="Neftyanik.Portal.Infrastructure.Tests.LegacyElectricityImportTests.ImportService_ReportsConflictingOwnersForSamePlot" computerName="DESKTOP-FD4AK8E" duration="00:00:00.0897013" startTime="2026-07-29T23:41:00.8804905+03:00" endTime="2026-07-29T23:41:00.8804906+03:00" testType="13cdc9d9-ddb5-4fa4-a97d-d965ccfc6d4b" outcome="Passed" testListId="8c84fa94-04c1-424b-9868-57a2d4851a1d" relativeResultsDirectory="d2c9bcf4-1773-42ec-81db-626691afca53" />
  </Results>
  <TestDefinitions>
    <UnitTest name="Neftyanik.Portal.Infrastructure.Tests.AdminBootstrapServiceTests.CreateAdministratorAsync_ValidRequest_CreatesOneAdministrator" storage="c:\users\dell\source\repos\neftyanik\tests\neftyanik.portal.infrastructure.tests\bin\debug\net8.0\neftyanik.portal.infrastructure.tests.dll" id="adcb872c-ec4b-1095-528d-d36e00dc2b91">
      <Execution id="a1fa3bc3-f9a8-494b-bb0f-8a7bad249af6" />
      <TestMethod codeBase="C:\Users\Dell\source\repos\Neftyanik\tests\Neftyanik.Portal.Infrastructure.Tests\bin\Debug\net8.0\Neftyanik.Portal.Infrastructure.Tests.dll" adapterTypeName="executor://xunit/VsTestRunner2/netcoreapp" className="Neftyanik.Portal.Infrastructure.Tests.AdminBootstrapServiceTests" name="CreateAdministratorAsync_ValidRequest_CreatesOneAdministrator" />
    </UnitTest>
    <UnitTest name="Neftyanik.Portal.Infrastructure.Tests.AdminBootstrapServiceTests.CreateAdministratorAsync_ExistingNonAdminUser_ThrowsControlledFailure" storage="c:\users\dell\source\repos\neftyanik\tests\neftyanik.portal.infrastructure.tests\bin\debug\net8.0\neftyanik.portal.infrastructure.tests.dll" id="e4e73283-e3f9-4116-cb67-c28fbebb80b6">
      <Execution id="86ffc903-1c9c-425a-a070-ee0d7eaeab93" />
      <TestMethod codeBase="C:\Users\Dell\source\repos\Neftyanik\tests\Neftyanik.Portal.Infrastructure.Tests\bin\Debug\net8.0\Neftyanik.Portal.Infrastructure.Tests.dll" adapterTypeName="executor://xunit/VsTestRunner2/netcoreapp" className="Neftyanik.Portal.Infrastructure.Tests.AdminBootstrapServiceTests" name="CreateAdministratorAsync_ExistingNonAdminUser_ThrowsControlledFailure" />
    </UnitTest>
    <UnitTest name="Neftyanik.Portal.Infrastructure.Tests.ApplicationDbContextModelTests.KeyFinancialRelationships_UseRestrictiveDeleteBehavior" storage="c:\users\dell\source\repos\neftyanik\tests\neftyanik.portal.infrastructure.tests\bin\debug\net8.0\neftyanik.portal.infrastructure.tests.dll" id="e91ab9a6-9eb5-fb13-fa1f-2997819602da">
      <Execution id="c42109f0-1240-4a57-bfc0-a1e209c104c7" />
      <TestMethod codeBase="C:\Users\Dell\source\repos\Neftyanik\tests\Neftyanik.Portal.Infrastructure.Tests\bin\Debug\net8.0\Neftyanik.Portal.Infrastructure.Tests.dll" adapterTypeName="executor://xunit/VsTestRunner2/netcoreapp" className="Neftyanik.Portal.Infrastructure.Tests.ApplicationDbContextModelTests" name="KeyFinancialRelationships_UseRestrictiveDeleteBehavior" />
    </UnitTest>
    <UnitTest name="Neftyanik.Portal.Infrastructure.Tests.ApplicationDbContextModelTests.SystemSetting_HasUniqueIndex_OnKey" storage="c:\users\dell\source\repos\neftyanik\tests\neftyanik.portal.infrastructure.tests\bin\debug\net8.0\neftyanik.portal.infrastructure.tests.dll" id="d6ef94d9-14f2-601b-b859-1e20ab8ed490">
      <Execution id="8ac88580-1f7e-4953-9dd2-e3645dbf462c" />
      <TestMethod codeBase="C:\Users\Dell\source\repos\Neftyanik\tests\Neftyanik.Portal.Infrastructure.Tests\bin\Debug\net8.0\Neftyanik.Portal.Infrastructure.Tests.dll" adapterTypeName="executor://xunit/VsTestRunner2/netcoreapp" className="Neftyanik.Portal.Infrastructure.Tests.ApplicationDbContextModelTests" name="SystemSetting_HasUniqueIndex_OnKey" />
    </UnitTest>
    <UnitTest name="Neftyanik.Portal.Infrastructure.Tests.ElectricityModelTests.AssociationElectricityReading_HasUniqueIndex_OnReadingDate" storage="c:\users\dell\source\repos\neftyanik\tests\neftyanik.portal.infrastructure.tests\bin\debug\net8.0\neftyanik.portal.infrastructure.tests.dll" id="6de892c4-29cc-6be2-f16f-b5b8e67388bc">
      <Execution id="eeac53b1-9a54-48bf-a665-c38c4d2643ca" />
      <TestMethod codeBase="C:\Users\Dell\source\repos\Neftyanik\tests\Neftyanik.Portal.Infrastructure.Tests\bin\Debug\net8.0\Neftyanik.Portal.Infrastructure.Tests.dll" adapterTypeName="executor://xunit/VsTestRunner2/netcoreapp" className="Neftyanik.Portal.Infrastructure.Tests.ElectricityModelTests" name="AssociationElectricityReading_HasUniqueIndex_OnReadingDate" />
    </UnitTest>
    <UnitTest name="Neftyanik.Portal.Infrastructure.Tests.Data.Queries.MemberOwnershipQueriesTests.WhereCurrentForMember_WhenOwnershipEndsToday_ReturnsOwnership" storage="c:\users\dell\source\repos\neftyanik\tests\neftyanik.portal.infrastructure.tests\bin\debug\net8.0\neftyanik.portal.infrastructure.tests.dll" id="6504f610-c565-48c6-f12b-43d4ad016868">
      <Execution id="a22e5c84-a251-4d4f-a552-1f79876d96e7" />
      <TestMethod codeBase="C:\Users\Dell\source\repos\Neftyanik\tests\Neftyanik.Portal.Infrastructure.Tests\bin\Debug\net8.0\Neftyanik.Portal.Infrastructure.Tests.dll" adapterTypeName="executor://xunit/VsTestRunner2/netcoreapp" className="Neftyanik.Portal.Infrastructure.Tests.Data.Queries.MemberOwnershipQueriesTests" name="WhereCurrentForMember_WhenOwnershipEndsToday_ReturnsOwnership" />
    </UnitTest>
    <UnitTest name="Neftyanik.Portal.Infrastructure.Tests.Data.Queries.MemberOwnershipQueriesTests.WhereCurrentForMember_WhenOwnershipHasNoEndDateAndPastStart_ReturnsOwnership" storage="c:\users\dell\source\repos\neftyanik\tests\neftyanik.portal.infrastructure.tests\bin\debug\net8.0\neftyanik.portal.infrastructure.tests.dll" id="f1341788-b41c-c6c3-29cf-cf13468cee0e">
      <Execution id="e3d980b1-ce18-496d-87a9-d0152330d5c0" />
      <TestMethod codeBase="C:\Users\Dell\source\repos\Neftyanik\tests\Neftyanik.Portal.Infrastructure.Tests\bin\Debug\net8.0\Neftyanik.Portal.Infrastructure.Tests.dll" adapterTypeName="executor://xunit/VsTestRunner2/netcoreapp" className="Neftyanik.Portal.Infrastructure.Tests.Data.Queries.MemberOwnershipQueriesTests" name="WhereCurrentForMember_WhenOwnershipHasNoEndDateAndPastStart_ReturnsOwnership" />
    </UnitTest>
    <UnitTest name="Neftyanik.Portal.Infrastructure.Tests.ApplicationDbContextModelTests.PaymentAllocation_Relationships_UseRestrictiveDeleteBehavior" storage="c:\users\dell\source\repos\neftyanik\tests\neftyanik.portal.infrastructure.tests\bin\debug\net8.0\neftyanik.portal.infrastructure.tests.dll" id="eac80e7e-7327-51b3-24f1-e2f9ccd8fce4">
      <Execution id="129cf781-f1df-4cc4-bf31-c0da41f937f0" />
      <TestMethod codeBase="C:\Users\Dell\source\repos\Neftyanik\tests\Neftyanik.Portal.Infrastructure.Tests\bin\Debug\net8.0\Neftyanik.Portal.Infrastructure.Tests.dll" adapterTypeName="executor://xunit/VsTestRunner2/netcoreapp" className="Neftyanik.Portal.Infrastructure.Tests.ApplicationDbContextModelTests" name="PaymentAllocation_Relationships_UseRestrictiveDeleteBehavior" />
    </UnitTest>
    <UnitTest name="Neftyanik.Portal.Infrastructure.Tests.ApplicationDbContextModelTests.Charge_Amount_HasMoneyPrecision" storage="c:\users\dell\source\repos\neftyanik\tests\neftyanik.portal.infrastructure.tests\bin\debug\net8.0\neftyanik.portal.infrastructure.tests.dll" id="71633de2-948d-8770-73a4-81ad9c31a0d0">
      <Execution id="bee8da47-aa94-4898-9764-1a0e031443af" />
      <TestMethod codeBase="C:\Users\Dell\source\repos\Neftyanik\tests\Neftyanik.Portal.Infrastructure.Tests\bin\Debug\net8.0\Neftyanik.Portal.Infrastructure.Tests.dll" adapterTypeName="executor://xunit/VsTestRunner2/netcoreapp" className="Neftyanik.Portal.Infrastructure.Tests.ApplicationDbContextModelTests" name="Charge_Amount_HasMoneyPrecision" />
    </UnitTest>
    <UnitTest name="Neftyanik.Portal.Infrastructure.Tests.LegacyElectricityImportTests.ImportService_DryRunDoesNotChangeDatabase" storage="c:\users\dell\source\repos\neftyanik\tests\neftyanik.portal.infrastructure.tests\bin\debug\net8.0\neftyanik.portal.infrastructure.tests.dll" id="8ea8ed5f-4491-ced9-a235-7bd6c4934a96">
      <Execution id="1e0860a3-792a-4ba3-ab4e-1842f1703299" />
      <TestMethod codeBase="C:\Users\Dell\source\repos\Neftyanik\tests\Neftyanik.Portal.Infrastructure.Tests\bin\Debug\net8.0\Neftyanik.Portal.Infrastructure.Tests.dll" adapterTypeName="executor://xunit/VsTestRunner2/netcoreapp" className="Neftyanik.Portal.Infrastructure.Tests.LegacyElectricityImportTests" name="ImportService_DryRunDoesNotChangeDatabase" />
    </UnitTest>
    <UnitTest name="Neftyanik.Portal.Infrastructure.Tests.AdminBootstrapServiceTests.CreateAdministratorAsync_DoesNotWritePasswordToLogs" storage="c:\users\dell\source\repos\neftyanik\tests\neftyanik.portal.infrastructure.tests\bin\debug\net8.0\neftyanik.portal.infrastructure.tests.dll" id="16e1baff-6db6-a10c-93c8-ddf0b7bb6542">
      <Execution id="fcc4d603-9880-46e6-8623-5daf302b8ee0" />
      <TestMethod codeBase="C:\Users\Dell\source\repos\Neftyanik\tests\Neftyanik.Portal.Infrastructure.Tests\bin\Debug\net8.0\Neftyanik.Portal.Infrastructure.Tests.dll" adapterTypeName="executor://xunit/VsTestRunner2/netcoreapp" className="Neftyanik.Portal.Infrastructure.Tests.AdminBootstrapServiceTests" name="CreateAdministratorAsync_DoesNotWritePasswordToLogs" />
    </UnitTest>
    <UnitTest name="Neftyanik.Portal.Infrastructure.Tests.LegacyElectricityImportTests.Validator_ParsesExplicitReadingDate" storage="c:\users\dell\source\repos\neftyanik\tests\neftyanik.portal.infrastructure.tests\bin\debug\net8.0\neftyanik.portal.infrastructure.tests.dll" id="f9a030cd-2fb8-2983-18ac-6a16855442c5">
      <Execution id="93f4f4c5-3326-4bcf-bcb5-1a24606d2051" />
      <TestMethod codeBase="C:\Users\Dell\source\repos\Neftyanik\tests\Neftyanik.Portal.Infrastructure.Tests\bin\Debug\net8.0\Neftyanik.Portal.Infrastructure.Tests.dll" adapterTypeName="executor://xunit/VsTestRunner2/netcoreapp" className="Neftyanik.Portal.Infrastructure.Tests.LegacyElectricityImportTests" name="Validator_ParsesExplicitReadingDate" />
    </UnitTest>
    <UnitTest name="Neftyanik.Portal.Infrastructure.Tests.Data.Queries.MemberOwnershipQueriesTests.WhereCurrentForMember_WhenOwnershipBeginsToday_ReturnsOwnership" storage="c:\users\dell\source\repos\neftyanik\tests\neftyanik.portal.infrastructure.tests\bin\debug\net8.0\neftyanik.portal.infrastructure.tests.dll" id="b572af71-5cc0-7660-8412-26ed66972175">
      <Execution id="562c38d9-dee6-4b82-8d86-6b4970077eb5" />
      <TestMethod codeBase="C:\Users\Dell\source\repos\Neftyanik\tests\Neftyanik.Portal.Infrastructure.Tests\bin\Debug\net8.0\Neftyanik.Portal.Infrastructure.Tests.dll" adapterTypeName="executor://xunit/VsTestRunner2/netcoreapp" className="Neftyanik.Portal.Infrastructure.Tests.Data.Queries.MemberOwnershipQueriesTests" name="WhereCurrentForMember_WhenOwnershipBeginsToday_ReturnsOwnership" />
    </UnitTest>
    <UnitTest name="Neftyanik.Portal.Infrastructure.Tests.ElectricityModelTests.CurrentElectricityTariffs_HaveExpectedPrecision" storage="c:\users\dell\source\repos\neftyanik\tests\neftyanik.portal.infrastructure.tests\bin\debug\net8.0\neftyanik.portal.infrastructure.tests.dll" id="c130a91b-c30f-5a20-1c60-cd63790ab13a">
      <Execution id="84f23e0a-898c-490e-99b2-9645814f9d76" />
      <TestMethod codeBase="C:\Users\Dell\source\repos\Neftyanik\tests\Neftyanik.Portal.Infrastructure.Tests\bin\Debug\net8.0\Neftyanik.Portal.Infrastructure.Tests.dll" adapterTypeName="executor://xunit/VsTestRunner2/netcoreapp" className="Neftyanik.Portal.Infrastructure.Tests.ElectricityModelTests" name="CurrentElectricityTariffs_HaveExpectedPrecision" />
    </UnitTest>
    <UnitTest name="Neftyanik.Portal.Infrastructure.Tests.Data.Queries.MemberOwnershipQueriesTests.WhereCurrentForMember_WhenOwnershipBeginsTomorrow_DoesNotReturnOwnership" storage="c:\users\dell\source\repos\neftyanik\tests\neftyanik.portal.infrastructure.tests\bin\debug\net8.0\neftyanik.portal.infrastructure.tests.dll" id="eb9633b9-8f66-f392-5f2f-ae615e937844">
      <Execution id="120ea9c2-072c-4d38-b6a0-aa50fa4613e1" />
      <TestMethod codeBase="C:\Users\Dell\source\repos\Neftyanik\tests\Neftyanik.Portal.Infrastructure.Tests\bin\Debug\net8.0\Neftyanik.Portal.Infrastructure.Tests.dll" adapterTypeName="executor://xunit/VsTestRunner2/netcoreapp" className="Neftyanik.Portal.Infrastructure.Tests.Data.Queries.MemberOwnershipQueriesTests" name="WhereCurrentForMember_WhenOwnershipBeginsTomorrow_DoesNotReturnOwnership" />
    </UnitTest>
    <UnitTest name="Neftyanik.Portal.Infrastructure.Tests.Data.Queries.PlotFinanceQueriesTests.SelectFinanceSummary_ExcludesCancelledChargesAndPaymentsFromBalance" storage="c:\users\dell\source\repos\neftyanik\tests\neftyanik.portal.infrastructure.tests\bin\debug\net8.0\neftyanik.portal.infrastructure.tests.dll" id="fe2b5a35-d9af-5351-c4f1-d3de5054b5d8">
      <Execution id="2bedd304-5dd3-48ed-8d92-f5603f85a803" />
      <TestMethod codeBase="C:\Users\Dell\source\repos\Neftyanik\tests\Neftyanik.Portal.Infrastructure.Tests\bin\Debug\net8.0\Neftyanik.Portal.Infrastructure.Tests.dll" adapterTypeName="executor://xunit/VsTestRunner2/netcoreapp" className="Neftyanik.Portal.Infrastructure.Tests.Data.Queries.PlotFinanceQueriesTests" name="SelectFinanceSummary_ExcludesCancelledChargesAndPaymentsFromBalance" />
    </UnitTest>
    <UnitTest name="Neftyanik.Portal.Infrastructure.Tests.LegacyElectricityImportTests.ImportService_ReportsConflictingOwnersForSamePlot" storage="c:\users\dell\source\repos\neftyanik\tests\neftyanik.portal.infrastructure.tests\bin\debug\net8.0\neftyanik.portal.infrastructure.tests.dll" id="9d9192a3-52fb-ba78-ec4e-6ab29280939d">
      <Execution id="d2c9bcf4-1773-42ec-81db-626691afca53" />
      <TestMethod codeBase="C:\Users\Dell\source\repos\Neftyanik\tests\Neftyanik.Portal.Infrastructure.Tests\bin\Debug\net8.0\Neftyanik.Portal.Infrastructure.Tests.dll" adapterTypeName="executor://xunit/VsTestRunner2/netcoreapp" className="Neftyanik.Portal.Infrastructure.Tests.LegacyElectricityImportTests" name="ImportService_ReportsConflictingOwnersForSamePlot" />
    </UnitTest>
    <UnitTest name="Neftyanik.Portal.Infrastructure.Tests.AdminBootstrapServiceTests.CreateAdministratorAsync_MissingPassword_ThrowsControlledFailure" storage="c:\users\dell\source\repos\neftyanik\tests\neftyanik.portal.infrastructure.tests\bin\debug\net8.0\neftyanik.portal.infrastructure.tests.dll" id="7728bda8-6517-7e07-eb2a-a725646ffeb6">
      <Execution id="5d7c2fc8-8b72-469b-b0a6-5aac75cf5399" />
      <TestMethod codeBase="C:\Users\Dell\source\repos\Neftyanik\tests\Neftyanik.Portal.Infrastructure.Tests\bin\Debug\net8.0\Neftyanik.Portal.Infrastructure.Tests.dll" adapterTypeName="executor://xunit/VsTestRunner2/netcoreapp" className="Neftyanik.Portal.Infrastructure.Tests.AdminBootstrapServiceTests" name="CreateAdministratorAsync_MissingPassword_ThrowsControlledFailure" />
    </UnitTest>
    <UnitTest name="Neftyanik.Portal.Infrastructure.Tests.LegacyElectricityImportTests.ImportService_RollsBackOnCriticalFailure" storage="c:\users\dell\source\repos\neftyanik\tests\neftyanik.portal.infrastructure.tests\bin\debug\net8.0\neftyanik.portal.infrastructure.tests.dll" id="c38d56a1-b25e-1d06-d07f-e166d5e6e24d">
      <Execution id="e43a13c0-7c3f-49ba-8467-2cd7e7536b2e" />
      <TestMethod codeBase="C:\Users\Dell\source\repos\Neftyanik\tests\Neftyanik.Portal.Infrastructure.Tests\bin\Debug\net8.0\Neftyanik.Portal.Infrastructure.Tests.dll" adapterTypeName="executor://xunit/VsTestRunner2/netcoreapp" className="Neftyanik.Portal.Infrastructure.Tests.LegacyElectricityImportTests" name="ImportService_RollsBackOnCriticalFailure" />
    </UnitTest>
    <UnitTest name="Neftyanik.Portal.Infrastructure.Tests.AdminBootstrapServiceTests.CreateAdministratorAsync_AdministratorAlreadyExists_ReturnsSuccessWithoutDuplicates" storage="c:\users\dell\source\repos\neftyanik\tests\neftyanik.portal.infrastructure.tests\bin\debug\net8.0\neftyanik.portal.infrastructure.tests.dll" id="4612d23e-4ea0-c87f-5801-1a54898be1c6">
      <Execution id="6a477746-9eee-4052-9bc8-092175e29443" />
      <TestMethod codeBase="C:\Users\Dell\source\repos\Neftyanik\tests\Neftyanik.Portal.Infrastructure.Tests\bin\Debug\net8.0\Neftyanik.Portal.Infrastructure.Tests.dll" adapterTypeName="executor://xunit/VsTestRunner2/netcoreapp" className="Neftyanik.Portal.Infrastructure.Tests.AdminBootstrapServiceTests" name="CreateAdministratorAsync_AdministratorAlreadyExists_ReturnsSuccessWithoutDuplicates" />
    </UnitTest>
    <UnitTest name="Neftyanik.Portal.Infrastructure.Tests.ApplicationDbContextModelTests.MembershipFeeRate_HasUniqueIndex_OnYear" storage="c:\users\dell\source\repos\neftyanik\tests\neftyanik.portal.infrastructure.tests\bin\debug\net8.0\neftyanik.portal.infrastructure.tests.dll" id="499b14bb-f5f6-0689-4b3d-46a04d00d534">
      <Execution id="d5165a63-e04b-44e2-acc0-e83fe77b81cc" />
      <TestMethod codeBase="C:\Users\Dell\source\repos\Neftyanik\tests\Neftyanik.Portal.Infrastructure.Tests\bin\Debug\net8.0\Neftyanik.Portal.Infrastructure.Tests.dll" adapterTypeName="executor://xunit/VsTestRunner2/netcoreapp" className="Neftyanik.Portal.Infrastructure.Tests.ApplicationDbContextModelTests" name="MembershipFeeRate_HasUniqueIndex_OnYear" />
    </UnitTest>
    <UnitTest name="Neftyanik.Portal.Infrastructure.Tests.LegacyElectricityImportTests.Validator_ReportsDisconnectedRowWithoutCreatingReading" storage="c:\users\dell\source\repos\neftyanik\tests\neftyanik.portal.infrastructure.tests\bin\debug\net8.0\neftyanik.portal.infrastructure.tests.dll" id="68f5b7fd-1b2f-ab6c-05d4-2ad846055e35">
      <Execution id="72547e35-6813-4cd7-9ac7-b7fcdef2197f" />
      <TestMethod codeBase="C:\Users\Dell\source\repos\Neftyanik\tests\Neftyanik.Portal.Infrastructure.Tests\bin\Debug\net8.0\Neftyanik.Portal.Infrastructure.Tests.dll" adapterTypeName="executor://xunit/VsTestRunner2/netcoreapp" className="Neftyanik.Portal.Infrastructure.Tests.LegacyElectricityImportTests" name="Validator_ReportsDisconnectedRowWithoutCreatingReading" />
    </UnitTest>
    <UnitTest name="Neftyanik.Portal.Infrastructure.Tests.LegacyElectricityImportTests.Validator_CombinesT1AndT2Values" storage="c:\users\dell\source\repos\neftyanik\tests\neftyanik.portal.infrastructure.tests\bin\debug\net8.0\neftyanik.portal.infrastructure.tests.dll" id="e2920784-d1ef-e7d1-7da8-cae6ef7443aa">
      <Execution id="eec2af86-4c78-4f3d-b7c0-a4341769cef2" />
      <TestMethod codeBase="C:\Users\Dell\source\repos\Neftyanik\tests\Neftyanik.Portal.Infrastructure.Tests\bin\Debug\net8.0\Neftyanik.Portal.Infrastructure.Tests.dll" adapterTypeName="executor://xunit/VsTestRunner2/netcoreapp" className="Neftyanik.Portal.Infrastructure.Tests.LegacyElectricityImportTests" name="Validator_CombinesT1AndT2Values" />
    </UnitTest>
    <UnitTest name="Neftyanik.Portal.Infrastructure.Tests.Data.Queries.MemberOwnershipQueriesTests.WhereCurrentForMember_WhenValidFromIsNull_TreatsOwnershipAsCurrent" storage="c:\users\dell\source\repos\neftyanik\tests\neftyanik.portal.infrastructure.tests\bin\debug\net8.0\neftyanik.portal.infrastructure.tests.dll" id="2971806a-00fc-760b-3b28-5b7b0a85f92a">
      <Execution id="927bdb4e-db8d-4c5b-a1d0-688463e6d1e6" />
      <TestMethod codeBase="C:\Users\Dell\source\repos\Neftyanik\tests\Neftyanik.Portal.Infrastructure.Tests\bin\Debug\net8.0\Neftyanik.Portal.Infrastructure.Tests.dll" adapterTypeName="executor://xunit/VsTestRunner2/netcoreapp" className="Neftyanik.Portal.Infrastructure.Tests.Data.Queries.MemberOwnershipQueriesTests" name="WhereCurrentForMember_WhenValidFromIsNull_TreatsOwnershipAsCurrent" />
    </UnitTest>
    <UnitTest name="Neftyanik.Portal.Infrastructure.Tests.ElectricityModelTests.AssociationElectricityTariff_HasUniqueIndex_OnEffectiveFrom" storage="c:\users\dell\source\repos\neftyanik\tests\neftyanik.portal.infrastructure.tests\bin\debug\net8.0\neftyanik.portal.infrastructure.tests.dll" id="21b6d276-b217-db49-9195-952815de2746">
      <Execution id="c52dcf05-db17-453c-98c3-14b0d54085ce" />
      <TestMethod codeBase="C:\Users\Dell\source\repos\Neftyanik\tests\Neftyanik.Portal.Infrastructure.Tests\bin\Debug\net8.0\Neftyanik.Portal.Infrastructure.Tests.dll" adapterTypeName="executor://xunit/VsTestRunner2/netcoreapp" className="Neftyanik.Portal.Infrastructure.Tests.ElectricityModelTests" name="AssociationElectricityTariff_HasUniqueIndex_OnEffectiveFrom" />
    </UnitTest>
    <UnitTest name="Neftyanik.Portal.Infrastructure.Tests.AdminBootstrapServiceTests.CreateAdministratorAsync_ExistingNonAdminUser_WithExplicitOption_AssignsAdministratorRole" storage="c:\users\dell\source\repos\neftyanik\tests\neftyanik.portal.infrastructure.tests\bin\debug\net8.0\neftyanik.portal.infrastructure.tests.dll" id="ac4ae71f-405d-5bae-8da6-ce397c270065">
      <Execution id="707867f4-741f-4562-9b3e-948cd614765f" />
      <TestMethod codeBase="C:\Users\Dell\source\repos\Neftyanik\tests\Neftyanik.Portal.Infrastructure.Tests\bin\Debug\net8.0\Neftyanik.Portal.Infrastructure.Tests.dll" adapterTypeName="executor://xunit/VsTestRunner2/netcoreapp" className="Neftyanik.Portal.Infrastructure.Tests.AdminBootstrapServiceTests" name="CreateAdministratorAsync_ExistingNonAdminUser_WithExplicitOption_AssignsAdministratorRole" />
    </UnitTest>
    <UnitTest name="Neftyanik.Portal.Infrastructure.Tests.LegacyElectricityImportTests.WorkbookReader_DoesNotInferPlotsFromFloatingPointFormatting" storage="c:\users\dell\source\repos\neftyanik\tests\neftyanik.portal.infrastructure.tests\bin\debug\net8.0\neftyanik.portal.infrastructure.tests.dll" id="c4d8613c-be0d-be61-2c74-7508abf07495">
      <Execution id="fe28baa6-cc3c-4456-97f3-3601a5da151c" />
      <TestMethod codeBase="C:\Users\Dell\source\repos\Neftyanik\tests\Neftyanik.Portal.Infrastructure.Tests\bin\Debug\net8.0\Neftyanik.Portal.Infrastructure.Tests.dll" adapterTypeName="executor://xunit/VsTestRunner2/netcoreapp" className="Neftyanik.Portal.Infrastructure.Tests.LegacyElectricityImportTests" name="WorkbookReader_DoesNotInferPlotsFromFloatingPointFormatting" />
    </UnitTest>
    <UnitTest name="Neftyanik.Portal.Infrastructure.Tests.AdminBootstrapServiceTests.CreateAdministratorAsync_MissingEmail_ThrowsControlledFailure" storage="c:\users\dell\source\repos\neftyanik\tests\neftyanik.portal.infrastructure.tests\bin\debug\net8.0\neftyanik.portal.infrastructure.tests.dll" id="d4a7ad16-30fb-4364-1294-ef8ee5826b11">
      <Execution id="78e3b98e-69e7-4a4b-af94-96d8796fc668" />
      <TestMethod codeBase="C:\Users\Dell\source\repos\Neftyanik\tests\Neftyanik.Portal.Infrastructure.Tests\bin\Debug\net8.0\Neftyanik.Portal.Infrastructure.Tests.dll" adapterTypeName="executor://xunit/VsTestRunner2/netcoreapp" className="Neftyanik.Portal.Infrastructure.Tests.AdminBootstrapServiceTests" name="CreateAdministratorAsync_MissingEmail_ThrowsControlledFailure" />
    </UnitTest>
    <UnitTest name="Neftyanik.Portal.Infrastructure.Tests.Data.Queries.PlotFinanceQueriesTests.WhereCurrentForUser_ReturnsOnlyCurrentOwnershipsForLinkedUser" storage="c:\users\dell\source\repos\neftyanik\tests\neftyanik.portal.infrastructure.tests\bin\debug\net8.0\neftyanik.portal.infrastructure.tests.dll" id="eb0ba00b-d69e-f316-12b6-91f8e94fe2ff">
      <Execution id="12bf850c-8072-4bf1-bfb5-4323e133d8c3" />
      <TestMethod codeBase="C:\Users\Dell\source\repos\Neftyanik\tests\Neftyanik.Portal.Infrastructure.Tests\bin\Debug\net8.0\Neftyanik.Portal.Infrastructure.Tests.dll" adapterTypeName="executor://xunit/VsTestRunner2/netcoreapp" className="Neftyanik.Portal.Infrastructure.Tests.Data.Queries.PlotFinanceQueriesTests" name="WhereCurrentForUser_ReturnsOnlyCurrentOwnershipsForLinkedUser" />
    </UnitTest>
    <UnitTest name="Neftyanik.Portal.Infrastructure.Tests.ApplicationDbContextModelTests.MemberElectricityReading_Values_HaveExpectedPrecision" storage="c:\users\dell\source\repos\neftyanik\tests\neftyanik.portal.infrastructure.tests\bin\debug\net8.0\neftyanik.portal.infrastructure.tests.dll" id="c3196861-ebb3-7956-c1d7-28b8e91836dc">
      <Execution id="664fbc64-ca98-4707-bff7-712b0b96d3e0" />
      <TestMethod codeBase="C:\Users\Dell\source\repos\Neftyanik\tests\Neftyanik.Portal.Infrastructure.Tests\bin\Debug\net8.0\Neftyanik.Portal.Infrastructure.Tests.dll" adapterTypeName="executor://xunit/VsTestRunner2/netcoreapp" className="Neftyanik.Portal.Infrastructure.Tests.ApplicationDbContextModelTests" name="MemberElectricityReading_Values_HaveExpectedPrecision" />
    </UnitTest>
    <UnitTest name="Neftyanik.Portal.Infrastructure.Tests.Data.Queries.MemberOwnershipQueriesTests.WhereCurrentForMember_DoesNotReturnAnotherMembersOwnership" storage="c:\users\dell\source\repos\neftyanik\tests\neftyanik.portal.infrastructure.tests\bin\debug\net8.0\neftyanik.portal.infrastructure.tests.dll" id="a358460b-bf56-6c29-c04f-b59c6750b1a5">
      <Execution id="1c772b81-81d5-4c59-b873-4f67bd29e47d" />
      <TestMethod codeBase="C:\Users\Dell\source\repos\Neftyanik\tests\Neftyanik.Portal.Infrastructure.Tests\bin\Debug\net8.0\Neftyanik.Portal.Infrastructure.Tests.dll" adapterTypeName="executor://xunit/VsTestRunner2/netcoreapp" className="Neftyanik.Portal.Infrastructure.Tests.Data.Queries.MemberOwnershipQueriesTests" name="WhereCurrentForMember_DoesNotReturnAnotherMembersOwnership" />
    </UnitTest>
    <UnitTest name="Neftyanik.Portal.Infrastructure.Tests.AdminBootstrapServiceTests.CreateAdministratorAsync_InvalidPassword_ThrowsControlledFailure" storage="c:\users\dell\source\repos\neftyanik\tests\neftyanik.portal.infrastructure.tests\bin\debug\net8.0\neftyanik.portal.infrastructure.tests.dll" id="2b04ce54-60e7-7698-a2f4-51242135f3a0">
      <Execution id="9e02ac71-9bbc-44c4-a971-9273f435fe4a" />
      <TestMethod codeBase="C:\Users\Dell\source\repos\Neftyanik\tests\Neftyanik.Portal.Infrastructure.Tests\bin\Debug\net8.0\Neftyanik.Portal.Infrastructure.Tests.dll" adapterTypeName="executor://xunit/VsTestRunner2/netcoreapp" className="Neftyanik.Portal.Infrastructure.Tests.AdminBootstrapServiceTests" name="CreateAdministratorAsync_InvalidPassword_ThrowsControlledFailure" />
    </UnitTest>
    <UnitTest name="Neftyanik.Portal.Infrastructure.Tests.Data.Queries.PlotFinanceQueriesTests.SelectFinanceSummary_ReturnsZeroTotalsForPlotWithoutTransactions" storage="c:\users\dell\source\repos\neftyanik\tests\neftyanik.portal.infrastructure.tests\bin\debug\net8.0\neftyanik.portal.infrastructure.tests.dll" id="a3bda3f4-336d-a499-b348-3b6a11178a4c">
      <Execution id="913d4384-b6b0-43dd-a7e1-4a16d400b0c9" />
      <TestMethod codeBase="C:\Users\Dell\source\repos\Neftyanik\tests\Neftyanik.Portal.Infrastructure.Tests\bin\Debug\net8.0\Neftyanik.Portal.Infrastructure.Tests.dll" adapterTypeName="executor://xunit/VsTestRunner2/netcoreapp" className="Neftyanik.Portal.Infrastructure.Tests.Data.Queries.PlotFinanceQueriesTests" name="SelectFinanceSummary_ReturnsZeroTotalsForPlotWithoutTransactions" />
    </UnitTest>
    <UnitTest name="Neftyanik.Portal.Infrastructure.Tests.LegacyElectricityImportTests.ImportService_IsIdempotentOnSecondCommit" storage="c:\users\dell\source\repos\neftyanik\tests\neftyanik.portal.infrastructure.tests\bin\debug\net8.0\neftyanik.portal.infrastructure.tests.dll" id="c6924973-9a7f-026f-3cfe-53201c34c646">
      <Execution id="ce069b18-c6f4-4a96-bcbf-37b194895151" />
      <TestMethod codeBase="C:\Users\Dell\source\repos\Neftyanik\tests\Neftyanik.Portal.Infrastructure.Tests\bin\Debug\net8.0\Neftyanik.Portal.Infrastructure.Tests.dll" adapterTypeName="executor://xunit/VsTestRunner2/netcoreapp" className="Neftyanik.Portal.Infrastructure.Tests.LegacyElectricityImportTests" name="ImportService_IsIdempotentOnSecondCommit" />
    </UnitTest>
    <UnitTest name="Neftyanik.Portal.Infrastructure.Tests.ApplicationDbContextModelTests.Plot_HasOptionalMemberElectricityMeterRelationship" storage="c:\users\dell\source\repos\neftyanik\tests\neftyanik.portal.infrastructure.tests\bin\debug\net8.0\neftyanik.portal.infrastructure.tests.dll" id="a88ba4e4-602a-ef64-d8df-f75a44317cb3">
      <Execution id="47fdc4e2-d24e-43e0-9906-3d4604c6d077" />
      <TestMethod codeBase="C:\Users\Dell\source\repos\Neftyanik\tests\Neftyanik.Portal.Infrastructure.Tests\bin\Debug\net8.0\Neftyanik.Portal.Infrastructure.Tests.dll" adapterTypeName="executor://xunit/VsTestRunner2/netcoreapp" className="Neftyanik.Portal.Infrastructure.Tests.ApplicationDbContextModelTests" name="Plot_HasOptionalMemberElectricityMeterRelationship" />
    </UnitTest>
    <UnitTest name="Neftyanik.Portal.Infrastructure.Tests.LegacyElectricityImportTests.Validator_RecognizesContinuationRowAsSecondMeter" storage="c:\users\dell\source\repos\neftyanik\tests\neftyanik.portal.infrastructure.tests\bin\debug\net8.0\neftyanik.portal.infrastructure.tests.dll" id="d168dcd0-85f9-2460-bea9-a5acfde8c6e8">
      <Execution id="8c0812d1-4daf-44e5-9acc-6b7fd0bc9c89" />
      <TestMethod codeBase="C:\Users\Dell\source\repos\Neftyanik\tests\Neftyanik.Portal.Infrastructure.Tests\bin\Debug\net8.0\Neftyanik.Portal.Infrastructure.Tests.dll" adapterTypeName="executor://xunit/VsTestRunner2/netcoreapp" className="Neftyanik.Portal.Infrastructure.Tests.LegacyElectricityImportTests" name="Validator_RecognizesContinuationRowAsSecondMeter" />
    </UnitTest>
    <UnitTest name="Neftyanik.Portal.Infrastructure.Tests.LegacyElectricityImportTests.ParsePlotNumbers_SplitsCompoundPlotIdentifier" storage="c:\users\dell\source\repos\neftyanik\tests\neftyanik.portal.infrastructure.tests\bin\debug\net8.0\neftyanik.portal.infrastructure.tests.dll" id="5e7e9cc3-e1b4-97fb-5b1d-78bb0e38675d">
      <Execution id="c7d90110-e98b-4fe7-afb9-7902f84a782e" />
      <TestMethod codeBase="C:\Users\Dell\source\repos\Neftyanik\tests\Neftyanik.Portal.Infrastructure.Tests\bin\Debug\net8.0\Neftyanik.Portal.Infrastructure.Tests.dll" adapterTypeName="executor://xunit/VsTestRunner2/netcoreapp" className="Neftyanik.Portal.Infrastructure.Tests.LegacyElectricityImportTests" name="ParsePlotNumbers_SplitsCompoundPlotIdentifier" />
    </UnitTest>
    <UnitTest name="Neftyanik.Portal.Infrastructure.Tests.LegacyElectricityImportTests.ParsePlotNumbers_PreservesSinglePlotNumber" storage="c:\users\dell\source\repos\neftyanik\tests\neftyanik.portal.infrastructure.tests\bin\debug\net8.0\neftyanik.portal.infrastructure.tests.dll" id="461b45ce-54f8-fd5d-a928-e91651b47c8f">
      <Execution id="f562eacc-cf38-4204-b39e-e796e0f5f45f" />
      <TestMethod codeBase="C:\Users\Dell\source\repos\Neftyanik\tests\Neftyanik.Portal.Infrastructure.Tests\bin\Debug\net8.0\Neftyanik.Portal.Infrastructure.Tests.dll" adapterTypeName="executor://xunit/VsTestRunner2/netcoreapp" className="Neftyanik.Portal.Infrastructure.Tests.LegacyElectricityImportTests" name="ParsePlotNumbers_PreservesSinglePlotNumber" />
    </UnitTest>
    <UnitTest name="Neftyanik.Portal.Infrastructure.Tests.ElectricityModelTests.CurrentElectricityRelationships_UseRestrictiveDeleteBehavior" storage="c:\users\dell\source\repos\neftyanik\tests\neftyanik.portal.infrastructure.tests\bin\debug\net8.0\neftyanik.portal.infrastructure.tests.dll" id="3058a3fb-1f58-35fd-1d5f-7b0c19620389">
      <Execution id="f2788875-500b-414b-9287-babd63e8e208" />
      <TestMethod codeBase="C:\Users\Dell\source\repos\Neftyanik\tests\Neftyanik.Portal.Infrastructure.Tests\bin\Debug\net8.0\Neftyanik.Portal.Infrastructure.Tests.dll" adapterTypeName="executor://xunit/VsTestRunner2/netcoreapp" className="Neftyanik.Portal.Infrastructure.Tests.ElectricityModelTests" name="CurrentElectricityRelationships_UseRestrictiveDeleteBehavior" />
    </UnitTest>
    <UnitTest name="Neftyanik.Portal.Infrastructure.Tests.ApplicationDbContextModelTests.Plot_HasUniqueIndex_OnNumber" storage="c:\users\dell\source\repos\neftyanik\tests\neftyanik.portal.infrastructure.tests\bin\debug\net8.0\neftyanik.portal.infrastructure.tests.dll" id="ab4ddbb0-d278-81a3-8f04-c985931752ae">
      <Execution id="f7d7413f-4505-4039-a0c9-9cf0d91a5c55" />
      <TestMethod codeBase="C:\Users\Dell\source\repos\Neftyanik\tests\Neftyanik.Portal.Infrastructure.Tests\bin\Debug\net8.0\Neftyanik.Portal.Infrastructure.Tests.dll" adapterTypeName="executor://xunit/VsTestRunner2/netcoreapp" className="Neftyanik.Portal.Infrastructure.Tests.ApplicationDbContextModelTests" name="Plot_HasUniqueIndex_OnNumber" />
    </UnitTest>
    <UnitTest name="Neftyanik.Portal.Infrastructure.Tests.LegacyElectricityImportTests.NormalizeWhitespace_TrimsAndCollapsesSpaces" storage="c:\users\dell\source\repos\neftyanik\tests\neftyanik.portal.infrastructure.tests\bin\debug\net8.0\neftyanik.portal.infrastructure.tests.dll" id="78b0dce8-db7c-6a3a-d19f-54b83838ca83">
      <Execution id="a220e0c4-92c0-41b0-9edd-e24b6ddc2ca6" />
      <TestMethod codeBase="C:\Users\Dell\source\repos\Neftyanik\tests\Neftyanik.Portal.Infrastructure.Tests\bin\Debug\net8.0\Neftyanik.Portal.Infrastructure.Tests.dll" adapterTypeName="executor://xunit/VsTestRunner2/netcoreapp" className="Neftyanik.Portal.Infrastructure.Tests.LegacyElectricityImportTests" name="NormalizeWhitespace_TrimsAndCollapsesSpaces" />
    </UnitTest>
    <UnitTest name="Neftyanik.Portal.Infrastructure.Tests.LegacyElectricityImportTests.ImportService_DetectsDuplicateReadingConflict" storage="c:\users\dell\source\repos\neftyanik\tests\neftyanik.portal.infrastructure.tests\bin\debug\net8.0\neftyanik.portal.infrastructure.tests.dll" id="f5afb05a-c85d-4a9a-1529-1450f24ba1cd">
      <Execution id="7c0bb7f9-923a-4f39-9937-9c8fada420c7" />
      <TestMethod codeBase="C:\Users\Dell\source\repos\Neftyanik\tests\Neftyanik.Portal.Infrastructure.Tests\bin\Debug\net8.0\Neftyanik.Portal.Infrastructure.Tests.dll" adapterTypeName="executor://xunit/VsTestRunner2/netcoreapp" className="Neftyanik.Portal.Infrastructure.Tests.LegacyElectricityImportTests" name="ImportService_DetectsDuplicateReadingConflict" />
    </UnitTest>
    <UnitTest name="Neftyanik.Portal.Infrastructure.Tests.AdminBootstrapServiceTests.CreateAdministratorAsync_InvalidEmail_ThrowsControlledFailure" storage="c:\users\dell\source\repos\neftyanik\tests\neftyanik.portal.infrastructure.tests\bin\debug\net8.0\neftyanik.portal.infrastructure.tests.dll" id="6bb6599a-4e9e-dab5-a372-75b554f458cb">
      <Execution id="7182c33a-d8c0-4bd9-a652-79aaa4ddf2f6" />
      <TestMethod codeBase="C:\Users\Dell\source\repos\Neftyanik\tests\Neftyanik.Portal.Infrastructure.Tests\bin\Debug\net8.0\Neftyanik.Portal.Infrastructure.Tests.dll" adapterTypeName="executor://xunit/VsTestRunner2/netcoreapp" className="Neftyanik.Portal.Infrastructure.Tests.AdminBootstrapServiceTests" name="CreateAdministratorAsync_InvalidEmail_ThrowsControlledFailure" />
    </UnitTest>
    <UnitTest name="Neftyanik.Portal.Infrastructure.Tests.Data.Queries.MemberOwnershipQueriesTests.WhereCurrentForMember_WhenOwnershipEndedYesterday_DoesNotReturnOwnership" storage="c:\users\dell\source\repos\neftyanik\tests\neftyanik.portal.infrastructure.tests\bin\debug\net8.0\neftyanik.portal.infrastructure.tests.dll" id="f762e071-eed9-3fae-dbaf-e82a4a1add7f">
      <Execution id="b2fc40b7-63b7-4931-a215-3b63f5096088" />
      <TestMethod codeBase="C:\Users\Dell\source\repos\Neftyanik\tests\Neftyanik.Portal.Infrastructure.Tests\bin\Debug\net8.0\Neftyanik.Portal.Infrastructure.Tests.dll" adapterTypeName="executor://xunit/VsTestRunner2/netcoreapp" className="Neftyanik.Portal.Infrastructure.Tests.Data.Queries.MemberOwnershipQueriesTests" name="WhereCurrentForMember_WhenOwnershipEndedYesterday_DoesNotReturnOwnership" />
    </UnitTest>
    <UnitTest name="Neftyanik.Portal.Infrastructure.Tests.ApplicationDbContextModelTests.MemberElectricityReading_HasUniqueCompositeIndex_OnMeterIdAndReadingDate" storage="c:\users\dell\source\repos\neftyanik\tests\neftyanik.portal.infrastructure.tests\bin\debug\net8.0\neftyanik.portal.infrastructure.tests.dll" id="0054b6fe-da36-442a-307d-a3717d030a23">
      <Execution id="3c71b8d6-648c-4ff7-8e9a-bc5febaa4def" />
      <TestMethod codeBase="C:\Users\Dell\source\repos\Neftyanik\tests\Neftyanik.Portal.Infrastructure.Tests\bin\Debug\net8.0\Neftyanik.Portal.Infrastructure.Tests.dll" adapterTypeName="executor://xunit/VsTestRunner2/netcoreapp" className="Neftyanik.Portal.Infrastructure.Tests.ApplicationDbContextModelTests" name="MemberElectricityReading_HasUniqueCompositeIndex_OnMeterIdAndReadingDate" />
    </UnitTest>
    <UnitTest name="Neftyanik.Portal.Infrastructure.Tests.ElectricityModelTests.AssociationElectricityReading_Properties_HaveExpectedPrecision" storage="c:\users\dell\source\repos\neftyanik\tests\neftyanik.portal.infrastructure.tests\bin\debug\net8.0\neftyanik.portal.infrastructure.tests.dll" id="69035321-a20b-e567-fa59-5b924b26af3e">
      <Execution id="315e2e0a-2862-478a-b23a-75620b6c2fb7" />
      <TestMethod codeBase="C:\Users\Dell\source\repos\Neftyanik\tests\Neftyanik.Portal.Infrastructure.Tests\bin\Debug\net8.0\Neftyanik.Portal.Infrastructure.Tests.dll" adapterTypeName="executor://xunit/VsTestRunner2/netcoreapp" className="Neftyanik.Portal.Infrastructure.Tests.ElectricityModelTests" name="AssociationElectricityReading_Properties_HaveExpectedPrecision" />
    </UnitTest>
    <UnitTest name="Neftyanik.Portal.Infrastructure.Tests.ApplicationDbContextModelTests.LegacyElectricityTables_AreNotIncludedInModel" storage="c:\users\dell\source\repos\neftyanik\tests\neftyanik.portal.infrastructure.tests\bin\debug\net8.0\neftyanik.portal.infrastructure.tests.dll" id="30a92c22-b924-fba7-0bdf-92226d645c91">
      <Execution id="cb2a8d00-d1f2-4ae0-9201-803e5f437c27" />
      <TestMethod codeBase="C:\Users\Dell\source\repos\Neftyanik\tests\Neftyanik.Portal.Infrastructure.Tests\bin\Debug\net8.0\Neftyanik.Portal.Infrastructure.Tests.dll" adapterTypeName="executor://xunit/VsTestRunner2/netcoreapp" className="Neftyanik.Portal.Infrastructure.Tests.ApplicationDbContextModelTests" name="LegacyElectricityTables_AreNotIncludedInModel" />
    </UnitTest>
  </TestDefinitions>
  <TestEntries>
    <TestEntry testId="7728bda8-6517-7e07-eb2a-a725646ffeb6" executionId="5d7c2fc8-8b72-469b-b0a6-5aac75cf5399" testListId="8c84fa94-04c1-424b-9868-57a2d4851a1d" />
    <TestEntry testId="69035321-a20b-e567-fa59-5b924b26af3e" executionId="315e2e0a-2862-478a-b23a-75620b6c2fb7" testListId="8c84fa94-04c1-424b-9868-57a2d4851a1d" />
    <TestEntry testId="b572af71-5cc0-7660-8412-26ed66972175" executionId="562c38d9-dee6-4b82-8d86-6b4970077eb5" testListId="8c84fa94-04c1-424b-9868-57a2d4851a1d" />
    <TestEntry testId="eb9633b9-8f66-f392-5f2f-ae615e937844" executionId="120ea9c2-072c-4d38-b6a0-aa50fa4613e1" testListId="8c84fa94-04c1-424b-9868-57a2d4851a1d" />
    <TestEntry testId="2b04ce54-60e7-7698-a2f4-51242135f3a0" executionId="9e02ac71-9bbc-44c4-a971-9273f435fe4a" testListId="8c84fa94-04c1-424b-9868-57a2d4851a1d" />
    <TestEntry testId="adcb872c-ec4b-1095-528d-d36e00dc2b91" executionId="a1fa3bc3-f9a8-494b-bb0f-8a7bad249af6" testListId="8c84fa94-04c1-424b-9868-57a2d4851a1d" />
    <TestEntry testId="78b0dce8-db7c-6a3a-d19f-54b83838ca83" executionId="a220e0c4-92c0-41b0-9edd-e24b6ddc2ca6" testListId="8c84fa94-04c1-424b-9868-57a2d4851a1d" />
    <TestEntry testId="ab4ddbb0-d278-81a3-8f04-c985931752ae" executionId="f7d7413f-4505-4039-a0c9-9cf0d91a5c55" testListId="8c84fa94-04c1-424b-9868-57a2d4851a1d" />
    <TestEntry testId="c38d56a1-b25e-1d06-d07f-e166d5e6e24d" executionId="e43a13c0-7c3f-49ba-8467-2cd7e7536b2e" testListId="8c84fa94-04c1-424b-9868-57a2d4851a1d" />
    <TestEntry testId="c6924973-9a7f-026f-3cfe-53201c34c646" executionId="ce069b18-c6f4-4a96-bcbf-37b194895151" testListId="8c84fa94-04c1-424b-9868-57a2d4851a1d" />
    <TestEntry testId="71633de2-948d-8770-73a4-81ad9c31a0d0" executionId="bee8da47-aa94-4898-9764-1a0e031443af" testListId="8c84fa94-04c1-424b-9868-57a2d4851a1d" />
    <TestEntry testId="499b14bb-f5f6-0689-4b3d-46a04d00d534" executionId="d5165a63-e04b-44e2-acc0-e83fe77b81cc" testListId="8c84fa94-04c1-424b-9868-57a2d4851a1d" />
    <TestEntry testId="4612d23e-4ea0-c87f-5801-1a54898be1c6" executionId="6a477746-9eee-4052-9bc8-092175e29443" testListId="8c84fa94-04c1-424b-9868-57a2d4851a1d" />
    <TestEntry testId="6de892c4-29cc-6be2-f16f-b5b8e67388bc" executionId="eeac53b1-9a54-48bf-a665-c38c4d2643ca" testListId="8c84fa94-04c1-424b-9868-57a2d4851a1d" />
    <TestEntry testId="16e1baff-6db6-a10c-93c8-ddf0b7bb6542" executionId="fcc4d603-9880-46e6-8623-5daf302b8ee0" testListId="8c84fa94-04c1-424b-9868-57a2d4851a1d" />
    <TestEntry testId="d4a7ad16-30fb-4364-1294-ef8ee5826b11" executionId="78e3b98e-69e7-4a4b-af94-96d8796fc668" testListId="8c84fa94-04c1-424b-9868-57a2d4851a1d" />
    <TestEntry testId="6bb6599a-4e9e-dab5-a372-75b554f458cb" executionId="7182c33a-d8c0-4bd9-a652-79aaa4ddf2f6" testListId="8c84fa94-04c1-424b-9868-57a2d4851a1d" />
    <TestEntry testId="e91ab9a6-9eb5-fb13-fa1f-2997819602da" executionId="c42109f0-1240-4a57-bfc0-a1e209c104c7" testListId="8c84fa94-04c1-424b-9868-57a2d4851a1d" />
    <TestEntry testId="f762e071-eed9-3fae-dbaf-e82a4a1add7f" executionId="b2fc40b7-63b7-4931-a215-3b63f5096088" testListId="8c84fa94-04c1-424b-9868-57a2d4851a1d" />
    <TestEntry testId="e2920784-d1ef-e7d1-7da8-cae6ef7443aa" executionId="eec2af86-4c78-4f3d-b7c0-a4341769cef2" testListId="8c84fa94-04c1-424b-9868-57a2d4851a1d" />
    <TestEntry testId="a88ba4e4-602a-ef64-d8df-f75a44317cb3" executionId="47fdc4e2-d24e-43e0-9906-3d4604c6d077" testListId="8c84fa94-04c1-424b-9868-57a2d4851a1d" />
    <TestEntry testId="3058a3fb-1f58-35fd-1d5f-7b0c19620389" executionId="f2788875-500b-414b-9287-babd63e8e208" testListId="8c84fa94-04c1-424b-9868-57a2d4851a1d" />
    <TestEntry testId="f5afb05a-c85d-4a9a-1529-1450f24ba1cd" executionId="7c0bb7f9-923a-4f39-9937-9c8fada420c7" testListId="8c84fa94-04c1-424b-9868-57a2d4851a1d" />
    <TestEntry testId="f9a030cd-2fb8-2983-18ac-6a16855442c5" executionId="93f4f4c5-3326-4bcf-bcb5-1a24606d2051" testListId="8c84fa94-04c1-424b-9868-57a2d4851a1d" />
    <TestEntry testId="30a92c22-b924-fba7-0bdf-92226d645c91" executionId="cb2a8d00-d1f2-4ae0-9201-803e5f437c27" testListId="8c84fa94-04c1-424b-9868-57a2d4851a1d" />
    <TestEntry testId="eac80e7e-7327-51b3-24f1-e2f9ccd8fce4" executionId="129cf781-f1df-4cc4-bf31-c0da41f937f0" testListId="8c84fa94-04c1-424b-9868-57a2d4851a1d" />
    <TestEntry testId="c4d8613c-be0d-be61-2c74-7508abf07495" executionId="fe28baa6-cc3c-4456-97f3-3601a5da151c" testListId="8c84fa94-04c1-424b-9868-57a2d4851a1d" />
    <TestEntry testId="fe2b5a35-d9af-5351-c4f1-d3de5054b5d8" executionId="2bedd304-5dd3-48ed-8d92-f5603f85a803" testListId="8c84fa94-04c1-424b-9868-57a2d4851a1d" />
    <TestEntry testId="0054b6fe-da36-442a-307d-a3717d030a23" executionId="3c71b8d6-648c-4ff7-8e9a-bc5febaa4def" testListId="8c84fa94-04c1-424b-9868-57a2d4851a1d" />
    <TestEntry testId="ac4ae71f-405d-5bae-8da6-ce397c270065" executionId="707867f4-741f-4562-9b3e-948cd614765f" testListId="8c84fa94-04c1-424b-9868-57a2d4851a1d" />
    <TestEntry testId="e4e73283-e3f9-4116-cb67-c28fbebb80b6" executionId="86ffc903-1c9c-425a-a070-ee0d7eaeab93" testListId="8c84fa94-04c1-424b-9868-57a2d4851a1d" />
    <TestEntry testId="a3bda3f4-336d-a499-b348-3b6a11178a4c" executionId="913d4384-b6b0-43dd-a7e1-4a16d400b0c9" testListId="8c84fa94-04c1-424b-9868-57a2d4851a1d" />
    <TestEntry testId="eb0ba00b-d69e-f316-12b6-91f8e94fe2ff" executionId="12bf850c-8072-4bf1-bfb5-4323e133d8c3" testListId="8c84fa94-04c1-424b-9868-57a2d4851a1d" />
    <TestEntry testId="6504f610-c565-48c6-f12b-43d4ad016868" executionId="a22e5c84-a251-4d4f-a552-1f79876d96e7" testListId="8c84fa94-04c1-424b-9868-57a2d4851a1d" />
    <TestEntry testId="5e7e9cc3-e1b4-97fb-5b1d-78bb0e38675d" executionId="c7d90110-e98b-4fe7-afb9-7902f84a782e" testListId="8c84fa94-04c1-424b-9868-57a2d4851a1d" />
    <TestEntry testId="f1341788-b41c-c6c3-29cf-cf13468cee0e" executionId="e3d980b1-ce18-496d-87a9-d0152330d5c0" testListId="8c84fa94-04c1-424b-9868-57a2d4851a1d" />
    <TestEntry testId="461b45ce-54f8-fd5d-a928-e91651b47c8f" executionId="f562eacc-cf38-4204-b39e-e796e0f5f45f" testListId="8c84fa94-04c1-424b-9868-57a2d4851a1d" />
    <TestEntry testId="c3196861-ebb3-7956-c1d7-28b8e91836dc" executionId="664fbc64-ca98-4707-bff7-712b0b96d3e0" testListId="8c84fa94-04c1-424b-9868-57a2d4851a1d" />
    <TestEntry testId="d168dcd0-85f9-2460-bea9-a5acfde8c6e8" executionId="8c0812d1-4daf-44e5-9acc-6b7fd0bc9c89" testListId="8c84fa94-04c1-424b-9868-57a2d4851a1d" />
    <TestEntry testId="a358460b-bf56-6c29-c04f-b59c6750b1a5" executionId="1c772b81-81d5-4c59-b873-4f67bd29e47d" testListId="8c84fa94-04c1-424b-9868-57a2d4851a1d" />
    <TestEntry testId="c130a91b-c30f-5a20-1c60-cd63790ab13a" executionId="84f23e0a-898c-490e-99b2-9645814f9d76" testListId="8c84fa94-04c1-424b-9868-57a2d4851a1d" />
    <TestEntry testId="21b6d276-b217-db49-9195-952815de2746" executionId="c52dcf05-db17-453c-98c3-14b0d54085ce" testListId="8c84fa94-04c1-424b-9868-57a2d4851a1d" />
    <TestEntry testId="68f5b7fd-1b2f-ab6c-05d4-2ad846055e35" executionId="72547e35-6813-4cd7-9ac7-b7fcdef2197f" testListId="8c84fa94-04c1-424b-9868-57a2d4851a1d" />
    <TestEntry testId="8ea8ed5f-4491-ced9-a235-7bd6c4934a96" executionId="1e0860a3-792a-4ba3-ab4e-1842f1703299" testListId="8c84fa94-04c1-424b-9868-57a2d4851a1d" />
    <TestEntry testId="2971806a-00fc-760b-3b28-5b7b0a85f92a" executionId="927bdb4e-db8d-4c5b-a1d0-688463e6d1e6" testListId="8c84fa94-04c1-424b-9868-57a2d4851a1d" />
    <TestEntry testId="d6ef94d9-14f2-601b-b859-1e20ab8ed490" executionId="8ac88580-1f7e-4953-9dd2-e3645dbf462c" testListId="8c84fa94-04c1-424b-9868-57a2d4851a1d" />
    <TestEntry testId="9d9192a3-52fb-ba78-ec4e-6ab29280939d" executionId="d2c9bcf4-1773-42ec-81db-626691afca53" testListId="8c84fa94-04c1-424b-9868-57a2d4851a1d" />
  </TestEntries>
  <TestLists>
    <TestList name="Results Not in a List" id="8c84fa94-04c1-424b-9868-57a2d4851a1d" />
    <TestList name="All Loaded Results" id="19431567-8539-422a-85d7-44ee4e166bda" />
  </TestLists>
  <ResultSummary outcome="Failed">
    <Counters total="47" executed="47" passed="46" failed="1" error="0" timeout="0" aborted="0" inconclusive="0" passedButRunAborted="0" notRunnable="0" notExecuted="0" disconnected="0" warning="0" completed="0" inProgress="0" pending="0" />
    <Output>
      <StdOut>[xUnit.net 00:00:00.00] xUnit.net VSTest Adapter v2.8.2+699d445a1a (64-bit .NET 8.0.29)&#xD;
[xUnit.net 00:00:00.14]   Discovering: Neftyanik.Portal.Infrastructure.Tests&#xD;
[xUnit.net 00:00:00.17]   Discovered:  Neftyanik.Portal.Infrastructure.Tests&#xD;
[xUnit.net 00:00:00.17]   Starting:    Neftyanik.Portal.Infrastructure.Tests&#xD;
[xUnit.net 00:00:01.97]       Assert.Equal() Failure: Values differ&#xD;
[xUnit.net 00:00:01.97]       Expected: 36327&#xD;
[xUnit.net 00:00:01.97]       Actual:   3&#xD;
[xUnit.net 00:00:01.97]       Stack Trace:&#xD;
[xUnit.net 00:00:01.97]         C:\Users\Dell\source\repos\Neftyanik\tests\Neftyanik.Portal.Infrastructure.Tests\LegacyElectricityImportTests.cs(99,0): at Neftyanik.Portal.Infrastructure.Tests.LegacyElectricityImportTests.Validator_CombinesT1AndT2Values()&#xD;
[xUnit.net 00:00:01.98]         --- End of stack trace from previous location ---&#xD;
[xUnit.net 00:00:02.19]   Finished:    Neftyanik.Portal.Infrastructure.Tests&#xD;
</StdOut>
    </Output>
    <RunInfos>
      <RunInfo computerName="DESKTOP-FD4AK8E" outcome="Error" timestamp="2026-07-29T23:41:00.7923861+03:00">
        <Text>[xUnit.net 00:00:01.97]     Neftyanik.Portal.Infrastructure.Tests.LegacyElectricityImportTests.Validator_CombinesT1AndT2Values [FAIL]</Text>
      </RunInfo>
    </RunInfos>
  </ResultSummary>
</TestRun>